<?xml version="1.0" encoding="ISO-8859-1" ?>
<link_info>
   <banner>TI ARM Linker PC v20.2.1.LTS</banner>
   <copyright>Copyright (c) 1996-2018 Texas Instruments Incorporated</copyright>
   <link_time>0x6032a88e</link_time>
   <link_errors>0x0</link_errors>
   <output_file>Puls_Oximeter_final_old.out</output_file>
   <entry_point>
      <name>_c_int00_noargs</name>
      <address>0x5405</address>
   </entry_point>
   <input_file_list>
      <input_file id="fl-2">
         <path>.\</path>
         <kind>object</kind>
         <file>main.obj</file>
         <name>main.obj</name>
      </input_file>
      <input_file id="fl-3">
         <path>.\</path>
         <kind>object</kind>
         <file>tm4c129encpdt_startup_ccs.obj</file>
         <name>tm4c129encpdt_startup_ccs.obj</name>
      </input_file>
      <input_file id="fl-4">
         <path>.\booster_pack_display\</path>
         <kind>object</kind>
         <file>CFAF128128B0145T.obj</file>
         <name>CFAF128128B0145T.obj</name>
      </input_file>
      <input_file id="fl-5">
         <path>.\source\</path>
         <kind>object</kind>
         <file>ADC.obj</file>
         <name>ADC.obj</name>
      </input_file>
      <input_file id="fl-6">
         <path>.\source\</path>
         <kind>object</kind>
         <file>Beeper.obj</file>
         <name>Beeper.obj</name>
      </input_file>
      <input_file id="fl-7">
         <path>.\source\</path>
         <kind>object</kind>
         <file>Button.obj</file>
         <name>Button.obj</name>
      </input_file>
      <input_file id="fl-8">
         <path>.\source\</path>
         <kind>object</kind>
         <file>Calculation.obj</file>
         <name>Calculation.obj</name>
      </input_file>
      <input_file id="fl-9">
         <path>.\source\</path>
         <kind>object</kind>
         <file>DAC_MCP4728.obj</file>
         <name>DAC_MCP4728.obj</name>
      </input_file>
      <input_file id="fl-a">
         <path>.\source\</path>
         <kind>object</kind>
         <file>Delay.obj</file>
         <name>Delay.obj</name>
      </input_file>
      <input_file id="fl-b">
         <path>.\source\</path>
         <kind>object</kind>
         <file>FIFO.obj</file>
         <name>FIFO.obj</name>
      </input_file>
      <input_file id="fl-c">
         <path>.\source\</path>
         <kind>object</kind>
         <file>Init.obj</file>
         <name>Init.obj</name>
      </input_file>
      <input_file id="fl-d">
         <path>.\source\</path>
         <kind>object</kind>
         <file>LCD.obj</file>
         <name>LCD.obj</name>
      </input_file>
      <input_file id="fl-e">
         <path>.\source\</path>
         <kind>object</kind>
         <file>LUT.obj</file>
         <name>LUT.obj</name>
      </input_file>
      <input_file id="fl-f">
         <path>.\source\</path>
         <kind>object</kind>
         <file>OMM_Modul.obj</file>
         <name>OMM_Modul.obj</name>
      </input_file>
      <input_file id="fl-10">
         <path>.\source\</path>
         <kind>object</kind>
         <file>PWM.obj</file>
         <name>PWM.obj</name>
      </input_file>
      <input_file id="fl-11">
         <path>.\source\</path>
         <kind>object</kind>
         <file>Processing.obj</file>
         <name>Processing.obj</name>
      </input_file>
      <input_file id="fl-12">
         <path>.\source\</path>
         <kind>object</kind>
         <file>Safety_Modul.obj</file>
         <name>Safety_Modul.obj</name>
      </input_file>
      <input_file id="fl-13">
         <path>.\source\</path>
         <kind>object</kind>
         <file>Timer.obj</file>
         <name>Timer.obj</name>
      </input_file>
      <input_file id="fl-14">
         <path>.\source\</path>
         <kind>object</kind>
         <file>UART.obj</file>
         <name>UART.obj</name>
      </input_file>
      <input_file id="fl-19">
         <kind>object</kind>
         <file>&lt;internal&gt;</file>
         <name>&lt;internal&gt;</name>
      </input_file>
      <input_file id="fl-cf">
         <path>C:\Tools\TexasInstruments\ccs1010\ccs\tools\compiler\ti-cgt-arm_20.2.1.LTS\lib\</path>
         <kind>archive</kind>
         <file>rtsv7M4_T_le_v4SPD16_eabi.lib</file>
         <name>sprintf.c.obj</name>
      </input_file>
      <input_file id="fl-d0">
         <path>C:\Tools\TexasInstruments\ccs1010\ccs\tools\compiler\ti-cgt-arm_20.2.1.LTS\lib\</path>
         <kind>archive</kind>
         <file>rtsv7M4_T_le_v4SPD16_eabi.lib</file>
         <name>fd_cmp_t2.asm.obj</name>
      </input_file>
      <input_file id="fl-d1">
         <path>C:\Tools\TexasInstruments\ccs1010\ccs\tools\compiler\ti-cgt-arm_20.2.1.LTS\lib\</path>
         <kind>archive</kind>
         <file>rtsv7M4_T_le_v4SPD16_eabi.lib</file>
         <name>fd_div_t2.asm.obj</name>
      </input_file>
      <input_file id="fl-d2">
         <path>C:\Tools\TexasInstruments\ccs1010\ccs\tools\compiler\ti-cgt-arm_20.2.1.LTS\lib\</path>
         <kind>archive</kind>
         <file>rtsv7M4_T_le_v4SPD16_eabi.lib</file>
         <name>fd_mul_t2.asm.obj</name>
      </input_file>
      <input_file id="fl-d3">
         <path>C:\Tools\TexasInstruments\ccs1010\ccs\tools\compiler\ti-cgt-arm_20.2.1.LTS\lib\</path>
         <kind>archive</kind>
         <file>rtsv7M4_T_le_v4SPD16_eabi.lib</file>
         <name>fd_tou_t2.asm.obj</name>
      </input_file>
      <input_file id="fl-d4">
         <path>C:\Tools\TexasInstruments\ccs1010\ccs\tools\compiler\ti-cgt-arm_20.2.1.LTS\lib\</path>
         <kind>archive</kind>
         <file>rtsv7M4_T_le_v4SPD16_eabi.lib</file>
         <name>fs_tod_t2.asm.obj</name>
      </input_file>
      <input_file id="fl-d5">
         <path>C:\Tools\TexasInstruments\ccs1010\ccs\tools\compiler\ti-cgt-arm_20.2.1.LTS\lib\</path>
         <kind>archive</kind>
         <file>rtsv7M4_T_le_v4SPD16_eabi.lib</file>
         <name>memcpy_t2.asm.obj</name>
      </input_file>
      <input_file id="fl-d6">
         <path>C:\Tools\TexasInstruments\ccs1010\ccs\tools\compiler\ti-cgt-arm_20.2.1.LTS\lib\</path>
         <kind>archive</kind>
         <file>rtsv7M4_T_le_v4SPD16_eabi.lib</file>
         <name>copy_zero_init.c.obj</name>
      </input_file>
      <input_file id="fl-d7">
         <path>C:\Tools\TexasInstruments\ccs1010\ccs\tools\compiler\ti-cgt-arm_20.2.1.LTS\lib\</path>
         <kind>archive</kind>
         <file>rtsv7M4_T_le_v4SPD16_eabi.lib</file>
         <name>copy_decompress_none.c.obj</name>
      </input_file>
      <input_file id="fl-d8">
         <path>C:\Tools\TexasInstruments\ccs1010\ccs\tools\compiler\ti-cgt-arm_20.2.1.LTS\lib\</path>
         <kind>archive</kind>
         <file>rtsv7M4_T_le_v4SPD16_eabi.lib</file>
         <name>copy_decompress_lzss.c.obj</name>
      </input_file>
      <input_file id="fl-d9">
         <path>C:\Tools\TexasInstruments\ccs1010\ccs\tools\compiler\ti-cgt-arm_20.2.1.LTS\lib\</path>
         <kind>archive</kind>
         <file>rtsv7M4_T_le_v4SPD16_eabi.lib</file>
         <name>strlen.c.obj</name>
      </input_file>
      <input_file id="fl-da">
         <path>C:\Tools\TexasInstruments\ccs1010\ccs\tools\compiler\ti-cgt-arm_20.2.1.LTS\lib\</path>
         <kind>archive</kind>
         <file>rtsv7M4_T_le_v4SPD16_eabi.lib</file>
         <name>boot_cortex_m.c.obj</name>
      </input_file>
      <input_file id="fl-db">
         <path>C:\Tools\TexasInstruments\ccs1010\ccs\tools\compiler\ti-cgt-arm_20.2.1.LTS\lib\</path>
         <kind>archive</kind>
         <file>rtsv7M4_T_le_v4SPD16_eabi.lib</file>
         <name>_printfi.c.obj</name>
      </input_file>
      <input_file id="fl-dc">
         <path>C:\Tools\TexasInstruments\ccs1010\ccs\tools\compiler\ti-cgt-arm_20.2.1.LTS\lib\</path>
         <kind>archive</kind>
         <file>rtsv7M4_T_le_v4SPD16_eabi.lib</file>
         <name>memset_t2.asm.obj</name>
      </input_file>
      <input_file id="fl-dd">
         <path>C:\Tools\TexasInstruments\ccs1010\ccs\tools\compiler\ti-cgt-arm_20.2.1.LTS\lib\</path>
         <kind>archive</kind>
         <file>rtsv7M4_T_le_v4SPD16_eabi.lib</file>
         <name>fd_add_t2.asm.obj</name>
      </input_file>
      <input_file id="fl-de">
         <path>C:\Tools\TexasInstruments\ccs1010\ccs\tools\compiler\ti-cgt-arm_20.2.1.LTS\lib\</path>
         <kind>archive</kind>
         <file>rtsv7M4_T_le_v4SPD16_eabi.lib</file>
         <name>fd_toi_t2.asm.obj</name>
      </input_file>
      <input_file id="fl-df">
         <path>C:\Tools\TexasInstruments\ccs1010\ccs\tools\compiler\ti-cgt-arm_20.2.1.LTS\lib\</path>
         <kind>archive</kind>
         <file>rtsv7M4_T_le_v4SPD16_eabi.lib</file>
         <name>i_tofd_t2.asm.obj</name>
      </input_file>
      <input_file id="fl-e0">
         <path>C:\Tools\TexasInstruments\ccs1010\ccs\tools\compiler\ti-cgt-arm_20.2.1.LTS\lib\</path>
         <kind>archive</kind>
         <file>rtsv7M4_T_le_v4SPD16_eabi.lib</file>
         <name>ull_div_t2.asm.obj</name>
      </input_file>
      <input_file id="fl-e1">
         <path>C:\Tools\TexasInstruments\ccs1010\ccs\tools\compiler\ti-cgt-arm_20.2.1.LTS\lib\</path>
         <kind>archive</kind>
         <file>rtsv7M4_T_le_v4SPD16_eabi.lib</file>
         <name>autoinit.c.obj</name>
      </input_file>
      <input_file id="fl-e2">
         <path>C:\Tools\TexasInstruments\ccs1010\ccs\tools\compiler\ti-cgt-arm_20.2.1.LTS\lib\</path>
         <kind>archive</kind>
         <file>rtsv7M4_T_le_v4SPD16_eabi.lib</file>
         <name>pre_init.c.obj</name>
      </input_file>
      <input_file id="fl-e3">
         <path>C:\Tools\TexasInstruments\ccs1010\ccs\tools\compiler\ti-cgt-arm_20.2.1.LTS\lib\</path>
         <kind>archive</kind>
         <file>rtsv7M4_T_le_v4SPD16_eabi.lib</file>
         <name>cpy_tbl.c.obj</name>
      </input_file>
      <input_file id="fl-e4">
         <path>C:\Tools\TexasInstruments\ccs1010\ccs\tools\compiler\ti-cgt-arm_20.2.1.LTS\lib\</path>
         <kind>archive</kind>
         <file>rtsv7M4_T_le_v4SPD16_eabi.lib</file>
         <name>exit.c.obj</name>
      </input_file>
      <input_file id="fl-e5">
         <path>C:\Tools\TexasInstruments\ccs1010\ccs\tools\compiler\ti-cgt-arm_20.2.1.LTS\lib\</path>
         <kind>archive</kind>
         <file>rtsv7M4_T_le_v4SPD16_eabi.lib</file>
         <name>_lock.c.obj</name>
      </input_file>
      <input_file id="fl-e6">
         <path>C:\Tools\TexasInstruments\ccs1010\ccs\tools\compiler\ti-cgt-arm_20.2.1.LTS\lib\</path>
         <kind>archive</kind>
         <file>rtsv7M4_T_le_v4SPD16_eabi.lib</file>
         <name>_ltoa.c.obj</name>
      </input_file>
      <input_file id="fl-e7">
         <path>C:\Tools\TexasInstruments\ccs1010\ccs\tools\compiler\ti-cgt-arm_20.2.1.LTS\lib\</path>
         <kind>archive</kind>
         <file>rtsv7M4_T_le_v4SPD16_eabi.lib</file>
         <name>args_main.c.obj</name>
      </input_file>
      <input_file id="fl-e8">
         <path>C:\Tools\TexasInstruments\ccs1010\ccs\tools\compiler\ti-cgt-arm_20.2.1.LTS\lib\</path>
         <kind>archive</kind>
         <file>rtsv7M4_T_le_v4SPD16_eabi.lib</file>
         <name>atoi.c.obj</name>
      </input_file>
      <input_file id="fl-e9">
         <path>C:\Tools\TexasInstruments\ccs1010\ccs\tools\compiler\ti-cgt-arm_20.2.1.LTS\lib\</path>
         <kind>archive</kind>
         <file>rtsv7M4_T_le_v4SPD16_eabi.lib</file>
         <name>ctype.c.obj</name>
      </input_file>
      <input_file id="fl-ea">
         <path>C:\Tools\TexasInstruments\ccs1010\ccs\tools\compiler\ti-cgt-arm_20.2.1.LTS\lib\</path>
         <kind>archive</kind>
         <file>rtsv7M4_T_le_v4SPD16_eabi.lib</file>
         <name>memccpy.c.obj</name>
      </input_file>
      <input_file id="fl-eb">
         <path>C:\Tools\TexasInstruments\ccs1010\ccs\tools\compiler\ti-cgt-arm_20.2.1.LTS\lib\</path>
         <kind>archive</kind>
         <file>rtsv7M4_T_le_v4SPD16_eabi.lib</file>
         <name>strchr.c.obj</name>
      </input_file>
      <input_file id="fl-ec">
         <path>C:\Tools\TexasInstruments\ccs1010\ccs\tools\compiler\ti-cgt-arm_20.2.1.LTS\lib\</path>
         <kind>archive</kind>
         <file>rtsv7M4_T_le_v4SPD16_eabi.lib</file>
         <name>errno.c.obj</name>
      </input_file>
      <input_file id="fl-ed">
         <path>C:\Tools\TexasInstruments\ccs1010\ccs\tools\compiler\ti-cgt-arm_20.2.1.LTS\lib\</path>
         <kind>archive</kind>
         <file>rtsv7M4_T_le_v4SPD16_eabi.lib</file>
         <name>s_frexp.c.obj</name>
      </input_file>
      <input_file id="fl-ee">
         <path>C:\Tools\TexasInstruments\ccs1010\ccs\tools\compiler\ti-cgt-arm_20.2.1.LTS\lib\</path>
         <kind>archive</kind>
         <file>rtsv7M4_T_le_v4SPD16_eabi.lib</file>
         <name>s_scalbn.c.obj</name>
      </input_file>
      <input_file id="fl-ef">
         <path>C:\Tools\TexasInstruments\ccs1010\ccs\tools\compiler\ti-cgt-arm_20.2.1.LTS\lib\</path>
         <kind>archive</kind>
         <file>rtsv7M4_T_le_v4SPD16_eabi.lib</file>
         <name>wcslen.c.obj</name>
      </input_file>
      <input_file id="fl-f0">
         <path>C:\Tools\TexasInstruments\ccs1010\ccs\tools\compiler\ti-cgt-arm_20.2.1.LTS\lib\</path>
         <kind>archive</kind>
         <file>rtsv7M4_T_le_v4SPD16_eabi.lib</file>
         <name>div0.asm.obj</name>
      </input_file>
      <input_file id="fl-f1">
         <path>C:\Tools\TexasInstruments\ccs1010\ccs\tools\compiler\ti-cgt-arm_20.2.1.LTS\lib\</path>
         <kind>archive</kind>
         <file>rtsv7M4_T_le_v4SPD16_eabi.lib</file>
         <name>s_copysign.c.obj</name>
      </input_file>
      <input_file id="fl-f2">
         <path>C:\Tools\TexasInstruments\TivaWare_C_Series-2.2.0.295\driverlib\ccs\Debug\</path>
         <kind>archive</kind>
         <file>driverlib.lib</file>
         <name>adc.obj</name>
      </input_file>
      <input_file id="fl-f3">
         <path>C:\Tools\TexasInstruments\TivaWare_C_Series-2.2.0.295\driverlib\ccs\Debug\</path>
         <kind>archive</kind>
         <file>driverlib.lib</file>
         <name>gpio.obj</name>
      </input_file>
      <input_file id="fl-f4">
         <path>C:\Tools\TexasInstruments\TivaWare_C_Series-2.2.0.295\driverlib\ccs\Debug\</path>
         <kind>archive</kind>
         <file>driverlib.lib</file>
         <name>i2c.obj</name>
      </input_file>
      <input_file id="fl-f5">
         <path>C:\Tools\TexasInstruments\TivaWare_C_Series-2.2.0.295\driverlib\ccs\Debug\</path>
         <kind>archive</kind>
         <file>driverlib.lib</file>
         <name>interrupt.obj</name>
      </input_file>
      <input_file id="fl-f6">
         <path>C:\Tools\TexasInstruments\TivaWare_C_Series-2.2.0.295\driverlib\ccs\Debug\</path>
         <kind>archive</kind>
         <file>driverlib.lib</file>
         <name>pwm.obj</name>
      </input_file>
      <input_file id="fl-f7">
         <path>C:\Tools\TexasInstruments\TivaWare_C_Series-2.2.0.295\driverlib\ccs\Debug\</path>
         <kind>archive</kind>
         <file>driverlib.lib</file>
         <name>ssi.obj</name>
      </input_file>
      <input_file id="fl-f8">
         <path>C:\Tools\TexasInstruments\TivaWare_C_Series-2.2.0.295\driverlib\ccs\Debug\</path>
         <kind>archive</kind>
         <file>driverlib.lib</file>
         <name>sysctl.obj</name>
      </input_file>
      <input_file id="fl-f9">
         <path>C:\Tools\TexasInstruments\TivaWare_C_Series-2.2.0.295\driverlib\ccs\Debug\</path>
         <kind>archive</kind>
         <file>driverlib.lib</file>
         <name>timer.obj</name>
      </input_file>
      <input_file id="fl-fa">
         <path>C:\Tools\TexasInstruments\TivaWare_C_Series-2.2.0.295\driverlib\ccs\Debug\</path>
         <kind>archive</kind>
         <file>driverlib.lib</file>
         <name>uart.obj</name>
      </input_file>
      <input_file id="fl-fb">
         <path>C:\Tools\TexasInstruments\TivaWare_C_Series-2.2.0.295\driverlib\ccs\Debug\</path>
         <kind>archive</kind>
         <file>driverlib.lib</file>
         <name>cpu.obj</name>
      </input_file>
   </input_file_list>
   <object_component_list>
      <object_component id="oc-12">
         <name>.intvecs</name>
         <load_address>0x0</load_address>
         <run_address>0x0</run_address>
         <size>0x208</size>
         <input_file_ref idref="fl-3"/>
      </object_component>
      <object_component id="oc-338">
         <name>.text</name>
         <load_address>0x208</load_address>
         <run_address>0x208</run_address>
         <size>0x1838</size>
         <input_file_ref idref="fl-4"/>
      </object_component>
      <object_component id="oc-41a">
         <name>.text:__TI_printfi</name>
         <load_address>0x1a40</load_address>
         <run_address>0x1a40</run_address>
         <size>0xa4e</size>
         <input_file_ref idref="fl-db"/>
      </object_component>
      <object_component id="oc-545">
         <name>.text</name>
         <load_address>0x248e</load_address>
         <run_address>0x248e</run_address>
         <size>0x2</size>
         <input_file_ref idref="fl-f0"/>
      </object_component>
      <object_component id="oc-2eb">
         <name>.text</name>
         <load_address>0x2490</load_address>
         <run_address>0x2490</run_address>
         <size>0x430</size>
         <input_file_ref idref="fl-d"/>
      </object_component>
      <object_component id="oc-2d">
         <name>.text</name>
         <load_address>0x28c0</load_address>
         <run_address>0x28c0</run_address>
         <size>0x3a8</size>
         <input_file_ref idref="fl-10"/>
      </object_component>
      <object_component id="oc-303">
         <name>.text</name>
         <load_address>0x2c68</load_address>
         <run_address>0x2c68</run_address>
         <size>0x378</size>
         <input_file_ref idref="fl-5"/>
      </object_component>
      <object_component id="oc-121">
         <name>.text</name>
         <load_address>0x2fe0</load_address>
         <run_address>0x2fe0</run_address>
         <size>0x308</size>
         <input_file_ref idref="fl-9"/>
      </object_component>
      <object_component id="oc-252">
         <name>.text</name>
         <load_address>0x32e8</load_address>
         <run_address>0x32e8</run_address>
         <size>0x2dc</size>
         <input_file_ref idref="fl-c"/>
      </object_component>
      <object_component id="oc-496">
         <name>.text:_pconv_a</name>
         <load_address>0x35c4</load_address>
         <run_address>0x35c4</run_address>
         <size>0x270</size>
         <input_file_ref idref="fl-db"/>
      </object_component>
      <object_component id="oc-24c">
         <name>.text:SysCtlClockFreqSet</name>
         <load_address>0x3834</load_address>
         <run_address>0x3834</run_address>
         <size>0x200</size>
         <input_file_ref idref="fl-f8"/>
      </object_component>
      <object_component id="oc-127">
         <name>.text</name>
         <load_address>0x3a34</load_address>
         <run_address>0x3a34</run_address>
         <size>0x1e8</size>
         <input_file_ref idref="fl-f"/>
      </object_component>
      <object_component id="oc-484">
         <name>.text:_pconv_g</name>
         <load_address>0x3c1c</load_address>
         <run_address>0x3c1c</run_address>
         <size>0x1d0</size>
         <input_file_ref idref="fl-db"/>
      </object_component>
      <object_component id="oc-4ee">
         <name>.text</name>
         <load_address>0x3dec</load_address>
         <run_address>0x3dec</run_address>
         <size>0x1b6</size>
         <input_file_ref idref="fl-dd"/>
      </object_component>
      <object_component id="oc-19a">
         <name>.text:GPIOPadConfigSet</name>
         <load_address>0x3fa4</load_address>
         <run_address>0x3fa4</run_address>
         <size>0x16c</size>
         <input_file_ref idref="fl-f3"/>
      </object_component>
      <object_component id="oc-490">
         <name>.text:_pconv_e</name>
         <load_address>0x4110</load_address>
         <run_address>0x4110</run_address>
         <size>0x13c</size>
         <input_file_ref idref="fl-db"/>
      </object_component>
      <object_component id="oc-4d4">
         <name>.text</name>
         <load_address>0x424c</load_address>
         <run_address>0x424c</run_address>
         <size>0x136</size>
         <input_file_ref idref="fl-d1"/>
      </object_component>
      <object_component id="oc-33">
         <name>.text</name>
         <load_address>0x4384</load_address>
         <run_address>0x4384</run_address>
         <size>0x130</size>
         <input_file_ref idref="fl-13"/>
      </object_component>
      <object_component id="oc-500">
         <name>.text:fcvt</name>
         <load_address>0x44b4</load_address>
         <run_address>0x44b4</run_address>
         <size>0x124</size>
         <input_file_ref idref="fl-db"/>
      </object_component>
      <object_component id="oc-348">
         <name>.text:SysCtlClockGet</name>
         <load_address>0x45d8</load_address>
         <run_address>0x45d8</run_address>
         <size>0x118</size>
         <input_file_ref idref="fl-f8"/>
      </object_component>
      <object_component id="oc-514">
         <name>.text:scalbn</name>
         <load_address>0x46f0</load_address>
         <run_address>0x46f0</run_address>
         <size>0x110</size>
         <input_file_ref idref="fl-ee"/>
      </object_component>
      <object_component id="oc-4cf">
         <name>.text</name>
         <load_address>0x4800</load_address>
         <run_address>0x4800</run_address>
         <size>0xfc</size>
         <input_file_ref idref="fl-d2"/>
      </object_component>
      <object_component id="oc-479">
         <name>.text:_ltostr</name>
         <load_address>0x48fc</load_address>
         <run_address>0x48fc</run_address>
         <size>0xb1</size>
         <input_file_ref idref="fl-db"/>
      </object_component>
      <object_component id="oc-47">
         <name>.text</name>
         <load_address>0x49ae</load_address>
         <run_address>0x49ae</run_address>
         <size>0x9c</size>
         <input_file_ref idref="fl-d5"/>
      </object_component>
      <object_component id="oc-4c8">
         <name>.text</name>
         <load_address>0x4a4a</load_address>
         <run_address>0x4a4a</run_address>
         <size>0x96</size>
         <input_file_ref idref="fl-e0"/>
      </object_component>
      <object_component id="oc-47f">
         <name>.text:__aeabi_cdcmple</name>
         <load_address>0x4ae0</load_address>
         <run_address>0x4ae0</run_address>
         <size>0x86</size>
         <input_file_ref idref="fl-d0"/>
      </object_component>
      <object_component id="oc-4d9">
         <name>.text:__aeabi_cdrcmple</name>
         <load_address>0x4b66</load_address>
         <run_address>0x4b66</run_address>
         <size>0x86</size>
         <input_file_ref idref="fl-d0"/>
      </object_component>
      <object_component id="oc-368">
         <name>.text:ADCSequenceStepConfigure</name>
         <load_address>0x4bec</load_address>
         <run_address>0x4bec</run_address>
         <size>0x7a</size>
         <input_file_ref idref="fl-f2"/>
      </object_component>
      <object_component id="oc-169">
         <name>.text</name>
         <load_address>0x4c66</load_address>
         <run_address>0x4c66</run_address>
         <size>0x7a</size>
         <input_file_ref idref="fl-dc"/>
      </object_component>
      <object_component id="oc-4f9">
         <name>.text:_mcpy</name>
         <load_address>0x4ce0</load_address>
         <run_address>0x4ce0</run_address>
         <size>0x6e</size>
         <input_file_ref idref="fl-db"/>
      </object_component>
      <object_component id="oc-ce">
         <name>.text:IntDisable</name>
         <load_address>0x4d50</load_address>
         <run_address>0x4d50</run_address>
         <size>0x68</size>
         <input_file_ref idref="fl-f5"/>
      </object_component>
      <object_component id="oc-b6">
         <name>.text:IntEnable</name>
         <load_address>0x4db8</load_address>
         <run_address>0x4db8</run_address>
         <size>0x68</size>
         <input_file_ref idref="fl-f5"/>
      </object_component>
      <object_component id="oc-15">
         <name>.text:decompress:lzss:__TI_decompress_lzss</name>
         <load_address>0x4e20</load_address>
         <run_address>0x4e20</run_address>
         <size>0x68</size>
         <input_file_ref idref="fl-d8"/>
      </object_component>
      <object_component id="oc-50e">
         <name>.text:frexp</name>
         <load_address>0x4e88</load_address>
         <run_address>0x4e88</run_address>
         <size>0x64</size>
         <input_file_ref idref="fl-ed"/>
      </object_component>
      <object_component id="oc-109">
         <name>.text:TimerConfigure</name>
         <load_address>0x4eec</load_address>
         <run_address>0x4eec</run_address>
         <size>0x60</size>
         <input_file_ref idref="fl-f9"/>
      </object_component>
      <object_component id="oc-48a">
         <name>.text:_pconv_f</name>
         <load_address>0x4f4c</load_address>
         <run_address>0x4f4c</run_address>
         <size>0x56</size>
         <input_file_ref idref="fl-db"/>
      </object_component>
      <object_component id="oc-4e3">
         <name>.text:__TI_ltoa</name>
         <load_address>0x4fa2</load_address>
         <run_address>0x4fa2</run_address>
         <size>0x54</size>
         <input_file_ref idref="fl-e6"/>
      </object_component>
      <object_component id="oc-4f3">
         <name>.text:_ecpy</name>
         <load_address>0x4ff6</load_address>
         <run_address>0x4ff6</run_address>
         <size>0x52</size>
         <input_file_ref idref="fl-db"/>
      </object_component>
      <object_component id="oc-362">
         <name>.text:ADCSequenceConfigure</name>
         <load_address>0x5048</load_address>
         <run_address>0x5048</run_address>
         <size>0x4e</size>
         <input_file_ref idref="fl-f2"/>
      </object_component>
      <object_component id="oc-86">
         <name>.text:GPIOPinConfigure</name>
         <load_address>0x5098</load_address>
         <run_address>0x5098</run_address>
         <size>0x4c</size>
         <input_file_ref idref="fl-f3"/>
      </object_component>
      <object_component id="oc-1e3">
         <name>.text:I2CMasterInitExpClk</name>
         <load_address>0x50e4</load_address>
         <run_address>0x50e4</run_address>
         <size>0x4c</size>
         <input_file_ref idref="fl-f4"/>
      </object_component>
      <object_component id="oc-473">
         <name>.text:atoi</name>
         <load_address>0x5130</load_address>
         <run_address>0x5130</run_address>
         <size>0x4c</size>
         <input_file_ref idref="fl-e8"/>
      </object_component>
      <object_component id="oc-2f7">
         <name>.text</name>
         <load_address>0x517c</load_address>
         <run_address>0x517c</run_address>
         <size>0x48</size>
         <input_file_ref idref="fl-a"/>
      </object_component>
      <object_component id="oc-2db">
         <name>.text:_SysCtlFrequencyGet</name>
         <load_address>0x51c4</load_address>
         <run_address>0x51c4</run_address>
         <size>0x48</size>
         <input_file_ref idref="fl-f8"/>
      </object_component>
      <object_component id="oc-4de">
         <name>.text</name>
         <load_address>0x520c</load_address>
         <run_address>0x520c</run_address>
         <size>0x48</size>
         <input_file_ref idref="fl-de"/>
      </object_component>
      <object_component id="oc-265">
         <name>.text:__TI_auto_init_nobinit_nopinit:__TI_auto_init_nobinit_nopinit</name>
         <load_address>0x5254</load_address>
         <run_address>0x5254</run_address>
         <size>0x44</size>
         <input_file_ref idref="fl-e1"/>
      </object_component>
      <object_component id="oc-175">
         <name>.text</name>
         <load_address>0x5298</load_address>
         <run_address>0x5298</run_address>
         <size>0x44</size>
         <input_file_ref idref="fl-2"/>
      </object_component>
      <object_component id="oc-33e">
         <name>.text:sprintf</name>
         <load_address>0x52dc</load_address>
         <run_address>0x52dc</run_address>
         <size>0x40</size>
         <input_file_ref idref="fl-cf"/>
      </object_component>
      <object_component id="oc-506">
         <name>.text:_fcpy</name>
         <load_address>0x531c</load_address>
         <run_address>0x531c</run_address>
         <size>0x3e</size>
         <input_file_ref idref="fl-db"/>
      </object_component>
      <object_component id="oc-3ce">
         <name>.text:SSIConfigSetExpClk</name>
         <load_address>0x535a</load_address>
         <run_address>0x535a</run_address>
         <size>0x3c</size>
         <input_file_ref idref="fl-f7"/>
      </object_component>
      <object_component id="oc-80">
         <name>.text:SysCtlPeripheralReady</name>
         <load_address>0x5398</load_address>
         <run_address>0x5398</run_address>
         <size>0x38</size>
         <input_file_ref idref="fl-f8"/>
      </object_component>
      <object_component id="oc-7a">
         <name>.text:SysCtlPeripheralEnable</name>
         <load_address>0x53d0</load_address>
         <run_address>0x53d0</run_address>
         <size>0x34</size>
         <input_file_ref idref="fl-f8"/>
      </object_component>
      <object_component id="oc-65">
         <name>.text:_c_int00_noargs:_c_int00_noargs</name>
         <load_address>0x5404</load_address>
         <run_address>0x5404</run_address>
         <size>0x34</size>
         <input_file_ref idref="fl-da"/>
      </object_component>
      <object_component id="oc-380">
         <name>.text:ADCIntStatus</name>
         <load_address>0x5438</load_address>
         <run_address>0x5438</run_address>
         <size>0x2e</size>
         <input_file_ref idref="fl-f2"/>
      </object_component>
      <object_component id="oc-4e9">
         <name>.text</name>
         <load_address>0x5466</load_address>
         <run_address>0x5466</run_address>
         <size>0x2e</size>
         <input_file_ref idref="fl-df"/>
      </object_component>
      <object_component id="oc-406">
         <name>.text:CFAF128128B0145T__setCS</name>
         <load_address>0x5494</load_address>
         <run_address>0x5494</run_address>
         <size>0x2c</size>
         <input_file_ref idref="fl-4"/>
      </object_component>
      <object_component id="oc-3ff">
         <name>.text:CFAF128128B0145T__setRS</name>
         <load_address>0x54c0</load_address>
         <run_address>0x54c0</run_address>
         <size>0x2c</size>
         <input_file_ref idref="fl-4"/>
      </object_component>
      <object_component id="oc-3e0">
         <name>.text:CFAF128128B0145T__setRST</name>
         <load_address>0x54ec</load_address>
         <run_address>0x54ec</run_address>
         <size>0x2c</size>
         <input_file_ref idref="fl-4"/>
      </object_component>
      <object_component id="oc-194">
         <name>.text:GPIODirModeSet</name>
         <load_address>0x5518</load_address>
         <run_address>0x5518</run_address>
         <size>0x2c</size>
         <input_file_ref idref="fl-f3"/>
      </object_component>
      <object_component id="oc-2fd">
         <name>.text</name>
         <load_address>0x5544</load_address>
         <run_address>0x5544</run_address>
         <size>0x28</size>
         <input_file_ref idref="fl-6"/>
      </object_component>
      <object_component id="oc-fd">
         <name>.text:IntPrioritySet</name>
         <load_address>0x556c</load_address>
         <run_address>0x556c</run_address>
         <size>0x24</size>
         <input_file_ref idref="fl-f5"/>
      </object_component>
      <object_component id="oc-98">
         <name>.text:PWMGenConfigure</name>
         <load_address>0x5590</load_address>
         <run_address>0x5590</run_address>
         <size>0x22</size>
         <input_file_ref idref="fl-f6"/>
      </object_component>
      <object_component id="oc-2d5">
         <name>.text:_SysCtlMemTimingGet</name>
         <load_address>0x55b4</load_address>
         <run_address>0x55b4</run_address>
         <size>0x20</size>
         <input_file_ref idref="fl-f8"/>
      </object_component>
      <object_component id="oc-386">
         <name>.text:ADCSequenceDataGet</name>
         <load_address>0x55d4</load_address>
         <run_address>0x55d4</run_address>
         <size>0x1e</size>
         <input_file_ref idref="fl-f2"/>
      </object_component>
      <object_component id="oc-a4">
         <name>.text:PWMPulseWidthSet</name>
         <load_address>0x55f2</load_address>
         <run_address>0x55f2</run_address>
         <size>0x1e</size>
         <input_file_ref idref="fl-f6"/>
      </object_component>
      <object_component id="oc-53">
         <name>.text:decompress:ZI:__TI_zero_init_nomemset:__TI_zero_init_nomemset</name>
         <load_address>0x5610</load_address>
         <run_address>0x5610</run_address>
         <size>0x1c</size>
         <input_file_ref idref="fl-d6"/>
      </object_component>
      <object_component id="oc-49c">
         <name>.text:memccpy</name>
         <load_address>0x562c</load_address>
         <run_address>0x562c</run_address>
         <size>0x1c</size>
         <input_file_ref idref="fl-ea"/>
      </object_component>
      <object_component id="oc-2f1">
         <name>.text:GPIOPinTypeGPIOOutput</name>
         <load_address>0x5648</load_address>
         <run_address>0x5648</run_address>
         <size>0x1a</size>
         <input_file_ref idref="fl-f3"/>
      </object_component>
      <object_component id="oc-55e">
         <name>.text:copysign</name>
         <load_address>0x5662</load_address>
         <run_address>0x5662</run_address>
         <size>0x1a</size>
         <input_file_ref idref="fl-f1"/>
      </object_component>
      <object_component id="oc-356">
         <name>.text:ADCClockConfigSet</name>
         <load_address>0x567c</load_address>
         <run_address>0x567c</run_address>
         <size>0x18</size>
         <input_file_ref idref="fl-f2"/>
      </object_component>
      <object_component id="oc-37a">
         <name>.text:ADCProcessorTrigger</name>
         <load_address>0x5694</load_address>
         <run_address>0x5694</run_address>
         <size>0x18</size>
         <input_file_ref idref="fl-f2"/>
      </object_component>
      <object_component id="oc-12d">
         <name>.text:TimerDisable</name>
         <load_address>0x56ac</load_address>
         <run_address>0x56ac</run_address>
         <size>0x18</size>
         <input_file_ref idref="fl-f9"/>
      </object_component>
      <object_component id="oc-420">
         <name>.text:_outs</name>
         <load_address>0x56c4</load_address>
         <run_address>0x56c4</run_address>
         <size>0x18</size>
         <input_file_ref idref="fl-cf"/>
      </object_component>
      <object_component id="oc-350">
         <name>.text:GPIOPinTypeADC</name>
         <load_address>0x56dc</load_address>
         <run_address>0x56dc</run_address>
         <size>0x16</size>
         <input_file_ref idref="fl-f3"/>
      </object_component>
      <object_component id="oc-1dd">
         <name>.text:GPIOPinTypeI2C</name>
         <load_address>0x56f2</load_address>
         <run_address>0x56f2</run_address>
         <size>0x16</size>
         <input_file_ref idref="fl-f3"/>
      </object_component>
      <object_component id="oc-1d7">
         <name>.text:GPIOPinTypeI2CSCL</name>
         <load_address>0x5708</load_address>
         <run_address>0x5708</run_address>
         <size>0x16</size>
         <input_file_ref idref="fl-f3"/>
      </object_component>
      <object_component id="oc-8c">
         <name>.text:GPIOPinTypePWM</name>
         <load_address>0x571e</load_address>
         <run_address>0x571e</run_address>
         <size>0x16</size>
         <input_file_ref idref="fl-f3"/>
      </object_component>
      <object_component id="oc-3c8">
         <name>.text:GPIOPinTypeSSI</name>
         <load_address>0x5734</load_address>
         <run_address>0x5734</run_address>
         <size>0x16</size>
         <input_file_ref idref="fl-f3"/>
      </object_component>
      <object_component id="oc-207">
         <name>.text:I2CMasterErr</name>
         <load_address>0x574a</load_address>
         <run_address>0x574a</run_address>
         <size>0x16</size>
         <input_file_ref idref="fl-f4"/>
      </object_component>
      <object_component id="oc-51a">
         <name>.text:strchr</name>
         <load_address>0x5760</load_address>
         <run_address>0x5760</run_address>
         <size>0x16</size>
         <input_file_ref idref="fl-eb"/>
      </object_component>
      <object_component id="oc-92">
         <name>.text:PWMClockSet</name>
         <load_address>0x5778</load_address>
         <run_address>0x5778</run_address>
         <size>0x14</size>
         <input_file_ref idref="fl-f6"/>
      </object_component>
      <object_component id="oc-3f6">
         <name>.text:strlen</name>
         <load_address>0x578c</load_address>
         <run_address>0x578c</run_address>
         <size>0x14</size>
         <input_file_ref idref="fl-d9"/>
      </object_component>
      <object_component id="oc-bc">
         <name>.text:PWMOutputState</name>
         <load_address>0x57a0</load_address>
         <run_address>0x57a0</run_address>
         <size>0x12</size>
         <input_file_ref idref="fl-f6"/>
      </object_component>
      <object_component id="oc-3da">
         <name>.text:SSIDataGetNonBlocking</name>
         <load_address>0x57b2</load_address>
         <run_address>0x57b2</run_address>
         <size>0x12</size>
         <input_file_ref idref="fl-f7"/>
      </object_component>
      <object_component id="oc-10f">
         <name>.text:TimerLoadSet</name>
         <load_address>0x57c4</load_address>
         <run_address>0x57c4</run_address>
         <size>0x12</size>
         <input_file_ref idref="fl-f9"/>
      </object_component>
      <object_component id="oc-4a2">
         <name>.text:wcslen</name>
         <load_address>0x57d6</load_address>
         <run_address>0x57d6</run_address>
         <size>0x12</size>
         <input_file_ref idref="fl-ef"/>
      </object_component>
      <object_component id="oc-e6">
         <name>.text:IntMasterEnable</name>
         <load_address>0x57e8</load_address>
         <run_address>0x57e8</run_address>
         <size>0x10</size>
         <input_file_ref idref="fl-f5"/>
      </object_component>
      <object_component id="oc-9e">
         <name>.text:PWMGenPeriodSet</name>
         <load_address>0x57f8</load_address>
         <run_address>0x57f8</run_address>
         <size>0x10</size>
         <input_file_ref idref="fl-f6"/>
      </object_component>
      <object_component id="oc-35c">
         <name>.text:ADCHardwareOversampleConfigure</name>
         <load_address>0x5808</load_address>
         <run_address>0x5808</run_address>
         <size>0xe</size>
         <input_file_ref idref="fl-f2"/>
      </object_component>
      <object_component id="oc-392">
         <name>.text:ADCIntDisable</name>
         <load_address>0x5816</load_address>
         <run_address>0x5816</run_address>
         <size>0xe</size>
         <input_file_ref idref="fl-f2"/>
      </object_component>
      <object_component id="oc-38c">
         <name>.text:ADCSequenceDisable</name>
         <load_address>0x5824</load_address>
         <run_address>0x5824</run_address>
         <size>0xe</size>
         <input_file_ref idref="fl-f2"/>
      </object_component>
      <object_component id="oc-36e">
         <name>.text:ADCSequenceEnable</name>
         <load_address>0x5832</load_address>
         <run_address>0x5832</run_address>
         <size>0xe</size>
         <input_file_ref idref="fl-f2"/>
      </object_component>
      <object_component id="oc-115">
         <name>.text:TimerEnable</name>
         <load_address>0x5840</load_address>
         <run_address>0x5840</run_address>
         <size>0xe</size>
         <input_file_ref idref="fl-f9"/>
      </object_component>
      <object_component id="oc-1b">
         <name>.text:decompress:none:__TI_decompress_none</name>
         <load_address>0x584e</load_address>
         <run_address>0x584e</run_address>
         <size>0xe</size>
         <input_file_ref idref="fl-d7"/>
      </object_component>
      <object_component id="oc-1b7">
         <name>.text:CPUcpsie</name>
         <load_address>0x585c</load_address>
         <run_address>0x585c</run_address>
         <size>0xc</size>
         <input_file_ref idref="fl-fb"/>
      </object_component>
      <object_component id="oc-c8">
         <name>.text:PWMGenDisable</name>
         <load_address>0x5868</load_address>
         <run_address>0x5868</run_address>
         <size>0xc</size>
         <input_file_ref idref="fl-f6"/>
      </object_component>
      <object_component id="oc-c2">
         <name>.text:PWMGenEnable</name>
         <load_address>0x5874</load_address>
         <run_address>0x5874</run_address>
         <size>0xc</size>
         <input_file_ref idref="fl-f6"/>
      </object_component>
      <object_component id="oc-27">
         <name>.text</name>
         <load_address>0x5880</load_address>
         <run_address>0x5880</run_address>
         <size>0xc</size>
         <input_file_ref idref="fl-3"/>
      </object_component>
      <object_component id="oc-374">
         <name>.text:ADCIntClear</name>
         <load_address>0x588c</load_address>
         <run_address>0x588c</run_address>
         <size>0xa</size>
         <input_file_ref idref="fl-f2"/>
      </object_component>
      <object_component id="oc-1e9">
         <name>.text:I2CMasterEnable</name>
         <load_address>0x5896</load_address>
         <run_address>0x5896</run_address>
         <size>0xa</size>
         <input_file_ref idref="fl-f4"/>
      </object_component>
      <object_component id="oc-d4">
         <name>.text:PWMGenIntTrigDisable</name>
         <load_address>0x58a0</load_address>
         <run_address>0x58a0</run_address>
         <size>0xa</size>
         <input_file_ref idref="fl-f6"/>
      </object_component>
      <object_component id="oc-b0">
         <name>.text:PWMGenIntTrigEnable</name>
         <load_address>0x58aa</load_address>
         <run_address>0x58aa</run_address>
         <size>0xa</size>
         <input_file_ref idref="fl-f6"/>
      </object_component>
      <object_component id="oc-da">
         <name>.text:PWMIntDisable</name>
         <load_address>0x58b4</load_address>
         <run_address>0x58b4</run_address>
         <size>0xa</size>
         <input_file_ref idref="fl-f6"/>
      </object_component>
      <object_component id="oc-40d">
         <name>.text:SSIDataPut</name>
         <load_address>0x58be</load_address>
         <run_address>0x58be</run_address>
         <size>0xa</size>
         <input_file_ref idref="fl-f7"/>
      </object_component>
      <object_component id="oc-3c2">
         <name>.text:SSIDisable</name>
         <load_address>0x58c8</load_address>
         <run_address>0x58c8</run_address>
         <size>0xa</size>
         <input_file_ref idref="fl-f7"/>
      </object_component>
      <object_component id="oc-3d4">
         <name>.text:SSIEnable</name>
         <load_address>0x58d2</load_address>
         <run_address>0x58d2</run_address>
         <size>0xa</size>
         <input_file_ref idref="fl-f7"/>
      </object_component>
      <object_component id="oc-133">
         <name>.text:TimerIntDisable</name>
         <load_address>0x58dc</load_address>
         <run_address>0x58dc</run_address>
         <size>0xa</size>
         <input_file_ref idref="fl-f9"/>
      </object_component>
      <object_component id="oc-426">
         <name>.text:_outc</name>
         <load_address>0x58e6</load_address>
         <run_address>0x58e6</run_address>
         <size>0xa</size>
         <input_file_ref idref="fl-cf"/>
      </object_component>
      <object_component id="oc-20d">
         <name>.text:I2CMasterBusBusy</name>
         <load_address>0x58f0</load_address>
         <run_address>0x58f0</run_address>
         <size>0x8</size>
         <input_file_ref idref="fl-f4"/>
      </object_component>
      <object_component id="oc-201">
         <name>.text:I2CMasterBusy</name>
         <load_address>0x58f8</load_address>
         <run_address>0x58f8</run_address>
         <size>0x8</size>
         <input_file_ref idref="fl-f4"/>
      </object_component>
      <object_component id="oc-1ef">
         <name>.text:I2CMasterSlaveAddrSet</name>
         <load_address>0x5900</load_address>
         <run_address>0x5900</run_address>
         <size>0x8</size>
         <input_file_ref idref="fl-f4"/>
      </object_component>
      <object_component id="oc-aa">
         <name>.text:PWMIntEnable</name>
         <load_address>0x5908</load_address>
         <run_address>0x5908</run_address>
         <size>0x8</size>
         <input_file_ref idref="fl-f6"/>
      </object_component>
      <object_component id="oc-413">
         <name>.text:SSIBusy</name>
         <load_address>0x5910</load_address>
         <run_address>0x5910</run_address>
         <size>0x8</size>
         <input_file_ref idref="fl-f7"/>
      </object_component>
      <object_component id="oc-103">
         <name>.text:TimerIntEnable</name>
         <load_address>0x5918</load_address>
         <run_address>0x5918</run_address>
         <size>0x8</size>
         <input_file_ref idref="fl-f9"/>
      </object_component>
      <object_component id="oc-4a8">
         <name>.text:__aeabi_errno_addr</name>
         <load_address>0x5920</load_address>
         <run_address>0x5920</run_address>
         <size>0x8</size>
         <input_file_ref idref="fl-ec"/>
      </object_component>
      <object_component id="oc-465">
         <name>.text:GPIOPinWrite</name>
         <load_address>0x5928</load_address>
         <run_address>0x5928</run_address>
         <size>0x6</size>
         <input_file_ref idref="fl-f3"/>
      </object_component>
      <object_component id="oc-e0">
         <name>.text:PWMGenIntClear</name>
         <load_address>0x592e</load_address>
         <run_address>0x592e</run_address>
         <size>0x6</size>
         <input_file_ref idref="fl-f6"/>
      </object_component>
      <object_component id="oc-347">
         <name>.text:SysCtlDelay</name>
         <load_address>0x5934</load_address>
         <run_address>0x5934</run_address>
         <size>0x6</size>
         <input_file_ref idref="fl-f8"/>
      </object_component>
      <object_component id="oc-1fb">
         <name>.text:I2CMasterControl</name>
         <load_address>0x593a</load_address>
         <run_address>0x593a</run_address>
         <size>0x4</size>
         <input_file_ref idref="fl-f4"/>
      </object_component>
      <object_component id="oc-1f5">
         <name>.text:I2CMasterDataPut</name>
         <load_address>0x593e</load_address>
         <run_address>0x593e</run_address>
         <size>0x4</size>
         <input_file_ref idref="fl-f4"/>
      </object_component>
      <object_component id="oc-11b">
         <name>.text:TimerIntClear</name>
         <load_address>0x5942</load_address>
         <run_address>0x5942</run_address>
         <size>0x4</size>
         <input_file_ref idref="fl-f9"/>
      </object_component>
      <object_component id="oc-16f">
         <name>.text:_system_pre_init</name>
         <load_address>0x5946</load_address>
         <run_address>0x5946</run_address>
         <size>0x4</size>
         <input_file_ref idref="fl-e2"/>
      </object_component>
      <object_component id="oc-259">
         <name>.text:abort:abort</name>
         <load_address>0x594a</load_address>
         <run_address>0x594a</run_address>
         <size>0x4</size>
         <input_file_ref idref="fl-e4"/>
      </object_component>
      <object_component id="oc-3fc">
         <name>.const:CFAF128128B0145T__font6x8</name>
         <load_address>0x5950</load_address>
         <run_address>0x5950</run_address>
         <size>0x540</size>
         <input_file_ref idref="fl-4"/>
      </object_component>
      <object_component id="oc-2e4">
         <name>.const:g_pppui32XTALtoVCO</name>
         <load_address>0x5e90</load_address>
         <run_address>0x5e90</run_address>
         <size>0x1b0</size>
         <input_file_ref idref="fl-f8"/>
      </object_component>
      <object_component id="oc-4c3">
         <name>.const:.string:_ctypes_</name>
         <load_address>0x6040</load_address>
         <run_address>0x6040</run_address>
         <size>0x101</size>
         <input_file_ref idref="fl-e9"/>
      </object_component>
      <object_component id="oc-1cd">
         <name>.const:g_pui32Regs</name>
         <load_address>0x6144</load_address>
         <run_address>0x6144</run_address>
         <size>0x9c</size>
         <input_file_ref idref="fl-f5"/>
      </object_component>
      <object_component id="oc-18f">
         <name>.const:g_pui32GPIOBaseAddrs</name>
         <load_address>0x61e0</load_address>
         <run_address>0x61e0</run_address>
         <size>0x90</size>
         <input_file_ref idref="fl-f3"/>
      </object_component>
      <object_component id="oc-2e1">
         <name>.const:g_pui32Xtals</name>
         <load_address>0x6270</load_address>
         <run_address>0x6270</run_address>
         <size>0x6c</size>
         <input_file_ref idref="fl-f8"/>
      </object_component>
      <object_component id="oc-ec">
         <name>.const:pwmInfo</name>
         <load_address>0x62dc</load_address>
         <run_address>0x62dc</run_address>
         <size>0x6c</size>
         <input_file_ref idref="fl-10"/>
      </object_component>
      <object_component id="oc-398">
         <name>.const:adcInfo</name>
         <load_address>0x6348</load_address>
         <run_address>0x6348</run_address>
         <size>0x48</size>
         <input_file_ref idref="fl-5"/>
      </object_component>
      <object_component id="oc-32d">
         <name>.const:g_sXTALtoMEMTIM</name>
         <load_address>0x6390</load_address>
         <run_address>0x6390</run_address>
         <size>0x30</size>
         <input_file_ref idref="fl-f8"/>
      </object_component>
      <object_component id="oc-1b0">
         <name>.const:g_pui32Dii16Regs</name>
         <load_address>0x63c0</load_address>
         <run_address>0x63c0</run_address>
         <size>0x14</size>
         <input_file_ref idref="fl-f5"/>
      </object_component>
      <object_component id="oc-1a8">
         <name>.const:g_pui32EnRegs</name>
         <load_address>0x63d4</load_address>
         <run_address>0x63d4</run_address>
         <size>0x14</size>
         <input_file_ref idref="fl-f5"/>
      </object_component>
      <object_component id="oc-2e7">
         <name>.const:g_pui32VCOFrequencies</name>
         <load_address>0x63e8</load_address>
         <run_address>0x63e8</run_address>
         <size>0x8</size>
         <input_file_ref idref="fl-f8"/>
      </object_component>
      <object_component id="oc-5b4">
         <name>__TI_handler_table</name>
         <load_address>0x63f0</load_address>
         <run_address>0x63f0</run_address>
         <size>0xc</size>
      </object_component>
      <object_component id="oc-5b7">
         <name>.cinit..bss.load</name>
         <load_address>0x6400</load_address>
         <run_address>0x6400</run_address>
         <size>0x8</size>
      </object_component>
      <object_component id="oc-5b6">
         <name>.cinit..data.load</name>
         <load_address>0x6408</load_address>
         <run_address>0x6408</run_address>
         <size>0x7</size>
      </object_component>
      <object_component id="oc-5b5">
         <name>__TI_cinit_table</name>
         <load_address>0x6410</load_address>
         <run_address>0x6410</run_address>
         <size>0x10</size>
      </object_component>
      <object_component id="oc-144">
         <name>.data</name>
         <load_address>0x20000288</load_address>
         <run_address>0x20000288</run_address>
         <size>0x3</size>
         <input_file_ref idref="fl-2"/>
      </object_component>
      <object_component id="oc-52a">
         <name>.data</name>
         <load_address>0x20000284</load_address>
         <run_address>0x20000284</run_address>
         <size>0x4</size>
         <input_file_ref idref="fl-ec"/>
      </object_component>
      <object_component id="oc-222">
         <name>.bss</name>
         <uninitialized>true</uninitialized>
         <run_address>0x2000023c</run_address>
         <size>0x5</size>
         <input_file_ref idref="fl-f"/>
      </object_component>
      <object_component id="oc-139">
         <name>.common:timer0</name>
         <uninitialized>true</uninitialized>
         <run_address>0x20000200</run_address>
         <size>0x14</size>
      </object_component>
      <object_component id="oc-142">
         <name>.common:timer1</name>
         <uninitialized>true</uninitialized>
         <run_address>0x20000214</run_address>
         <size>0x14</size>
      </object_component>
      <object_component id="oc-143">
         <name>.common:timer2</name>
         <uninitialized>true</uninitialized>
         <run_address>0x20000228</run_address>
         <size>0x14</size>
      </object_component>
      <object_component id="oc-ef">
         <name>.common:g_ui32SysClock</name>
         <uninitialized>true</uninitialized>
         <run_address>0x20000274</run_address>
         <size>0x4</size>
      </object_component>
      <object_component id="oc-214">
         <name>.common:Baseline_Upper_Limit</name>
         <uninitialized>true</uninitialized>
         <run_address>0x20000248</run_address>
         <size>0x4</size>
      </object_component>
      <object_component id="oc-21a">
         <name>.common:Baseline_Lower_Limit</name>
         <uninitialized>true</uninitialized>
         <run_address>0x20000244</run_address>
         <size>0x4</size>
      </object_component>
      <object_component id="oc-215">
         <name>.common:DAC_IRLed_intensity</name>
         <uninitialized>true</uninitialized>
         <run_address>0x2000026c</run_address>
         <size>0x4</size>
      </object_component>
      <object_component id="oc-21c">
         <name>.common:DAC_RedLed_intensity</name>
         <uninitialized>true</uninitialized>
         <run_address>0x20000270</run_address>
         <size>0x4</size>
      </object_component>
      <object_component id="oc-213">
         <name>.common:CH0_ADRES_IR</name>
         <uninitialized>true</uninitialized>
         <run_address>0x20000264</run_address>
         <size>0x4</size>
      </object_component>
      <object_component id="oc-21b">
         <name>.common:CH0_ADRES_Red</name>
         <uninitialized>true</uninitialized>
         <run_address>0x20000268</run_address>
         <size>0x4</size>
      </object_component>
      <object_component id="oc-218">
         <name>.common:FirstByte</name>
         <uninitialized>true</uninitialized>
         <run_address>0x2000027c</run_address>
         <size>0x1</size>
      </object_component>
      <object_component id="oc-219">
         <name>.common:SecondByte_MultiWrite_A</name>
         <uninitialized>true</uninitialized>
         <run_address>0x2000027f</run_address>
         <size>0x1</size>
      </object_component>
      <object_component id="oc-216">
         <name>.common:ThirdByte_A</name>
         <uninitialized>true</uninitialized>
         <run_address>0x20000281</run_address>
         <size>0x1</size>
      </object_component>
      <object_component id="oc-217">
         <name>.common:FourthByte_A</name>
         <uninitialized>true</uninitialized>
         <run_address>0x2000027d</run_address>
         <size>0x1</size>
      </object_component>
      <object_component id="oc-21f">
         <name>.common:SecondByte_MultiWrite_B</name>
         <uninitialized>true</uninitialized>
         <run_address>0x20000280</run_address>
         <size>0x1</size>
      </object_component>
      <object_component id="oc-21d">
         <name>.common:ThirdByte_B</name>
         <uninitialized>true</uninitialized>
         <run_address>0x20000282</run_address>
         <size>0x1</size>
      </object_component>
      <object_component id="oc-21e">
         <name>.common:FourthByte_B</name>
         <uninitialized>true</uninitialized>
         <run_address>0x2000027e</run_address>
         <size>0x1</size>
      </object_component>
      <object_component id="oc-3e7">
         <name>.common:CFAF128128B0145T__boosterPack</name>
         <uninitialized>true</uninitialized>
         <run_address>0x20000241</run_address>
         <size>0x1</size>
      </object_component>
      <object_component id="oc-3ea">
         <name>.common:CFAF128128B0145T__sysClock</name>
         <uninitialized>true</uninitialized>
         <run_address>0x20000260</run_address>
         <size>0x4</size>
      </object_component>
      <object_component id="oc-3eb">
         <name>.common:CFAF128128B0145T__spiClock</name>
         <uninitialized>true</uninitialized>
         <run_address>0x20000258</run_address>
         <size>0x4</size>
      </object_component>
      <object_component id="oc-3ec">
         <name>.common:CFAF128128B0145T__spiDevice</name>
         <uninitialized>true</uninitialized>
         <run_address>0x2000025c</run_address>
         <size>0x4</size>
      </object_component>
      <object_component id="oc-3f1">
         <name>.common:CFAF128128B0145T__csPort</name>
         <uninitialized>true</uninitialized>
         <run_address>0x2000024c</run_address>
         <size>0x4</size>
      </object_component>
      <object_component id="oc-3f2">
         <name>.common:CFAF128128B0145T__csPin</name>
         <uninitialized>true</uninitialized>
         <run_address>0x20000242</run_address>
         <size>0x1</size>
      </object_component>
      <object_component id="oc-3ed">
         <name>.common:CFAF128128B0145T__rstPort</name>
         <uninitialized>true</uninitialized>
         <run_address>0x20000254</run_address>
         <size>0x4</size>
      </object_component>
      <object_component id="oc-3ee">
         <name>.common:CFAF128128B0145T__rstPin</name>
         <uninitialized>true</uninitialized>
         <run_address>0x2000027b</run_address>
         <size>0x1</size>
      </object_component>
      <object_component id="oc-3ef">
         <name>.common:CFAF128128B0145T__rsPort</name>
         <uninitialized>true</uninitialized>
         <run_address>0x20000250</run_address>
         <size>0x4</size>
      </object_component>
      <object_component id="oc-3f0">
         <name>.common:CFAF128128B0145T__rsPin</name>
         <uninitialized>true</uninitialized>
         <run_address>0x2000027a</run_address>
         <size>0x1</size>
      </object_component>
      <object_component id="oc-3f3">
         <name>.common:CFAF128128B0145T__orientation</name>
         <uninitialized>true</uninitialized>
         <run_address>0x20000278</run_address>
         <size>0x1</size>
      </object_component>
      <object_component id="oc-3f4">
         <name>.common:CFAF128128B0145T__penSolid</name>
         <uninitialized>true</uninitialized>
         <run_address>0x20000279</run_address>
         <size>0x1</size>
      </object_component>
      <object_component id="oc-3f5">
         <name>.common:CFAF128128B0145T__fontSolid</name>
         <uninitialized>true</uninitialized>
         <run_address>0x20000243</run_address>
         <size>0x1</size>
      </object_component>
      <object_component id="oc-24">
         <name>.stack</name>
         <uninitialized>true</uninitialized>
         <run_address>0x20000000</run_address>
         <size>0x4</size>
         <input_file_ref idref="fl-da"/>
      </object_component>
      <object_component id="oc-5b9">
         <name>.stack</name>
         <uninitialized>true</uninitialized>
         <run_address>0x20000000</run_address>
         <size>0x0</size>
      </object_component>
      <object_component id="oc-f0">
         <name>.debug_info</name>
         <load_address>0x0</load_address>
         <run_address>0x0</run_address>
         <size>0x79c</size>
         <input_file_ref idref="fl-2"/>
      </object_component>
      <object_component id="oc-145">
         <name>.debug_info</name>
         <load_address>0x79c</load_address>
         <run_address>0x79c</run_address>
         <size>0x13b</size>
         <input_file_ref idref="fl-2"/>
      </object_component>
      <object_component id="oc-178">
         <name>.debug_info</name>
         <load_address>0x8d7</load_address>
         <run_address>0x8d7</run_address>
         <size>0x15b</size>
         <input_file_ref idref="fl-2"/>
      </object_component>
      <object_component id="oc-226">
         <name>.debug_info</name>
         <load_address>0xa32</load_address>
         <run_address>0xa32</run_address>
         <size>0xa7</size>
         <input_file_ref idref="fl-2"/>
      </object_component>
      <object_component id="oc-148">
         <name>.debug_info</name>
         <load_address>0xad9</load_address>
         <run_address>0xad9</run_address>
         <size>0x9a</size>
         <input_file_ref idref="fl-2"/>
      </object_component>
      <object_component id="oc-1c3">
         <name>.debug_info</name>
         <load_address>0xb73</load_address>
         <run_address>0xb73</run_address>
         <size>0xb4</size>
         <input_file_ref idref="fl-2"/>
      </object_component>
      <object_component id="oc-14f">
         <name>.debug_info</name>
         <load_address>0xc27</load_address>
         <run_address>0xc27</run_address>
         <size>0x26b</size>
         <input_file_ref idref="fl-2"/>
      </object_component>
      <object_component id="oc-44b">
         <name>.debug_info</name>
         <load_address>0xe92</load_address>
         <run_address>0xe92</run_address>
         <size>0xea</size>
         <input_file_ref idref="fl-2"/>
      </object_component>
      <object_component id="oc-435">
         <name>.debug_info</name>
         <load_address>0xf7c</load_address>
         <run_address>0xf7c</run_address>
         <size>0x86</size>
         <input_file_ref idref="fl-2"/>
      </object_component>
      <object_component id="oc-2bd">
         <name>.debug_info</name>
         <load_address>0x1002</load_address>
         <run_address>0x1002</run_address>
         <size>0xea</size>
         <input_file_ref idref="fl-2"/>
      </object_component>
      <object_component id="oc-42">
         <name>.debug_info</name>
         <load_address>0x10ec</load_address>
         <run_address>0x10ec</run_address>
         <size>0x84</size>
         <input_file_ref idref="fl-2"/>
      </object_component>
      <object_component id="oc-1c8">
         <name>.debug_info</name>
         <load_address>0x1170</load_address>
         <run_address>0x1170</run_address>
         <size>0x2a4</size>
         <input_file_ref idref="fl-2"/>
      </object_component>
      <object_component id="oc-f8">
         <name>.debug_info</name>
         <load_address>0x1414</load_address>
         <run_address>0x1414</run_address>
         <size>0xbb</size>
         <input_file_ref idref="fl-2"/>
      </object_component>
      <object_component id="oc-3b">
         <name>.debug_info</name>
         <load_address>0x14cf</load_address>
         <run_address>0x14cf</run_address>
         <size>0x3cf</size>
         <input_file_ref idref="fl-3"/>
      </object_component>
      <object_component id="oc-13">
         <name>.debug_info</name>
         <load_address>0x189e</load_address>
         <run_address>0x189e</run_address>
         <size>0x112</size>
         <input_file_ref idref="fl-3"/>
      </object_component>
      <object_component id="oc-29">
         <name>.debug_info</name>
         <load_address>0x19b0</load_address>
         <run_address>0x19b0</run_address>
         <size>0x291</size>
         <input_file_ref idref="fl-3"/>
      </object_component>
      <object_component id="oc-3e8">
         <name>.debug_info</name>
         <load_address>0x1c41</load_address>
         <run_address>0x1c41</run_address>
         <size>0x92b</size>
         <input_file_ref idref="fl-4"/>
      </object_component>
      <object_component id="oc-3fd">
         <name>.debug_info</name>
         <load_address>0x256c</load_address>
         <run_address>0x256c</run_address>
         <size>0x137</size>
         <input_file_ref idref="fl-4"/>
      </object_component>
      <object_component id="oc-3e1">
         <name>.debug_info</name>
         <load_address>0x26a3</load_address>
         <run_address>0x26a3</run_address>
         <size>0x1db</size>
         <input_file_ref idref="fl-4"/>
      </object_component>
      <object_component id="oc-401">
         <name>.debug_info</name>
         <load_address>0x287e</load_address>
         <run_address>0x287e</run_address>
         <size>0x1d9</size>
         <input_file_ref idref="fl-4"/>
      </object_component>
      <object_component id="oc-408">
         <name>.debug_info</name>
         <load_address>0x2a57</load_address>
         <run_address>0x2a57</run_address>
         <size>0x1d9</size>
         <input_file_ref idref="fl-4"/>
      </object_component>
      <object_component id="oc-33a">
         <name>.debug_info</name>
         <load_address>0x2c30</load_address>
         <run_address>0x2c30</run_address>
         <size>0x3702</size>
         <input_file_ref idref="fl-4"/>
      </object_component>
      <object_component id="oc-f3">
         <name>.debug_info</name>
         <load_address>0x6332</load_address>
         <run_address>0x6332</run_address>
         <size>0x8b</size>
         <input_file_ref idref="fl-4"/>
      </object_component>
      <object_component id="oc-243">
         <name>.debug_info</name>
         <load_address>0x63bd</load_address>
         <run_address>0x63bd</run_address>
         <size>0x2c</size>
         <input_file_ref idref="fl-4"/>
      </object_component>
      <object_component id="oc-39c">
         <name>.debug_info</name>
         <load_address>0x63e9</load_address>
         <run_address>0x63e9</run_address>
         <size>0x648</size>
         <input_file_ref idref="fl-5"/>
      </object_component>
      <object_component id="oc-399">
         <name>.debug_info</name>
         <load_address>0x6a31</load_address>
         <run_address>0x6a31</run_address>
         <size>0xf8</size>
         <input_file_ref idref="fl-5"/>
      </object_component>
      <object_component id="oc-304">
         <name>.debug_info</name>
         <load_address>0x6b29</load_address>
         <run_address>0x6b29</run_address>
         <size>0x83f</size>
         <input_file_ref idref="fl-5"/>
      </object_component>
      <object_component id="oc-301">
         <name>.debug_info</name>
         <load_address>0x7368</load_address>
         <run_address>0x7368</run_address>
         <size>0x234</size>
         <input_file_ref idref="fl-6"/>
      </object_component>
      <object_component id="oc-13a">
         <name>.debug_info</name>
         <load_address>0x759c</load_address>
         <run_address>0x759c</run_address>
         <size>0x50e</size>
         <input_file_ref idref="fl-8"/>
      </object_component>
      <object_component id="oc-221">
         <name>.debug_info</name>
         <load_address>0x7aaa</load_address>
         <run_address>0x7aaa</run_address>
         <size>0x832</size>
         <input_file_ref idref="fl-9"/>
      </object_component>
      <object_component id="oc-122">
         <name>.debug_info</name>
         <load_address>0x82dc</load_address>
         <run_address>0x82dc</run_address>
         <size>0x6bc</size>
         <input_file_ref idref="fl-9"/>
      </object_component>
      <object_component id="oc-2fb">
         <name>.debug_info</name>
         <load_address>0x8998</load_address>
         <run_address>0x8998</run_address>
         <size>0x2cc</size>
         <input_file_ref idref="fl-a"/>
      </object_component>
      <object_component id="oc-13c">
         <name>.debug_info</name>
         <load_address>0x8c64</load_address>
         <run_address>0x8c64</run_address>
         <size>0x6bb</size>
         <input_file_ref idref="fl-c"/>
      </object_component>
      <object_component id="oc-254">
         <name>.debug_info</name>
         <load_address>0x931f</load_address>
         <run_address>0x931f</run_address>
         <size>0x554</size>
         <input_file_ref idref="fl-c"/>
      </object_component>
      <object_component id="oc-345">
         <name>.debug_info</name>
         <load_address>0x9873</load_address>
         <run_address>0x9873</run_address>
         <size>0x3f9</size>
         <input_file_ref idref="fl-d"/>
      </object_component>
      <object_component id="oc-2ef">
         <name>.debug_info</name>
         <load_address>0x9c6c</load_address>
         <run_address>0x9c6c</run_address>
         <size>0x9c6</size>
         <input_file_ref idref="fl-d"/>
      </object_component>
      <object_component id="oc-22b">
         <name>.debug_info</name>
         <load_address>0xa632</load_address>
         <run_address>0xa632</run_address>
         <size>0x9a</size>
         <input_file_ref idref="fl-d"/>
      </object_component>
      <object_component id="oc-42e">
         <name>.debug_info</name>
         <load_address>0xa6cc</load_address>
         <run_address>0xa6cc</run_address>
         <size>0x2c</size>
         <input_file_ref idref="fl-d"/>
      </object_component>
      <object_component id="oc-223">
         <name>.debug_info</name>
         <load_address>0xa6f8</load_address>
         <run_address>0xa6f8</run_address>
         <size>0x1d4</size>
         <input_file_ref idref="fl-f"/>
      </object_component>
      <object_component id="oc-128">
         <name>.debug_info</name>
         <load_address>0xa8cc</load_address>
         <run_address>0xa8cc</run_address>
         <size>0x567</size>
         <input_file_ref idref="fl-f"/>
      </object_component>
      <object_component id="oc-1c0">
         <name>.debug_info</name>
         <load_address>0xae33</load_address>
         <run_address>0xae33</run_address>
         <size>0x6b7</size>
         <input_file_ref idref="fl-10"/>
      </object_component>
      <object_component id="oc-ed">
         <name>.debug_info</name>
         <load_address>0xb4ea</load_address>
         <run_address>0xb4ea</run_address>
         <size>0xf8</size>
         <input_file_ref idref="fl-10"/>
      </object_component>
      <object_component id="oc-2e">
         <name>.debug_info</name>
         <load_address>0xb5e2</load_address>
         <run_address>0xb5e2</run_address>
         <size>0x939</size>
         <input_file_ref idref="fl-10"/>
      </object_component>
      <object_component id="oc-13e">
         <name>.debug_info</name>
         <load_address>0xbf1b</load_address>
         <run_address>0xbf1b</run_address>
         <size>0x4f7</size>
         <input_file_ref idref="fl-11"/>
      </object_component>
      <object_component id="oc-140">
         <name>.debug_info</name>
         <load_address>0xc412</load_address>
         <run_address>0xc412</run_address>
         <size>0x762</size>
         <input_file_ref idref="fl-13"/>
      </object_component>
      <object_component id="oc-34">
         <name>.debug_info</name>
         <load_address>0xcb74</load_address>
         <run_address>0xcb74</run_address>
         <size>0x58f</size>
         <input_file_ref idref="fl-13"/>
      </object_component>
      <object_component id="oc-42d">
         <name>.debug_info</name>
         <load_address>0xd103</load_address>
         <run_address>0xd103</run_address>
         <size>0x333</size>
         <input_file_ref idref="fl-cf"/>
      </object_component>
      <object_component id="oc-342">
         <name>.debug_info</name>
         <load_address>0xd436</load_address>
         <run_address>0xd436</run_address>
         <size>0x1d1</size>
         <input_file_ref idref="fl-cf"/>
      </object_component>
      <object_component id="oc-424">
         <name>.debug_info</name>
         <load_address>0xd607</load_address>
         <run_address>0xd607</run_address>
         <size>0x18d</size>
         <input_file_ref idref="fl-cf"/>
      </object_component>
      <object_component id="oc-42a">
         <name>.debug_info</name>
         <load_address>0xd794</load_address>
         <run_address>0xd794</run_address>
         <size>0x16d</size>
         <input_file_ref idref="fl-cf"/>
      </object_component>
      <object_component id="oc-531">
         <name>.debug_info</name>
         <load_address>0xd901</load_address>
         <run_address>0xd901</run_address>
         <size>0x2c</size>
         <input_file_ref idref="fl-cf"/>
      </object_component>
      <object_component id="oc-480">
         <name>.debug_info</name>
         <load_address>0xd92d</load_address>
         <run_address>0xd92d</run_address>
         <size>0x128</size>
         <input_file_ref idref="fl-d0"/>
      </object_component>
      <object_component id="oc-4db">
         <name>.debug_info</name>
         <load_address>0xda55</load_address>
         <run_address>0xda55</run_address>
         <size>0x12a</size>
         <input_file_ref idref="fl-d0"/>
      </object_component>
      <object_component id="oc-4d6">
         <name>.debug_info</name>
         <load_address>0xdb7f</load_address>
         <run_address>0xdb7f</run_address>
         <size>0x13a</size>
         <input_file_ref idref="fl-d1"/>
      </object_component>
      <object_component id="oc-4d1">
         <name>.debug_info</name>
         <load_address>0xdcb9</load_address>
         <run_address>0xdcb9</run_address>
         <size>0x13a</size>
         <input_file_ref idref="fl-d2"/>
      </object_component>
      <object_component id="oc-48">
         <name>.debug_info</name>
         <load_address>0xddf3</load_address>
         <run_address>0xddf3</run_address>
         <size>0x119</size>
         <input_file_ref idref="fl-d5"/>
      </object_component>
      <object_component id="oc-168">
         <name>.debug_info</name>
         <load_address>0xdf0c</load_address>
         <run_address>0xdf0c</run_address>
         <size>0x2d4</size>
         <input_file_ref idref="fl-d6"/>
      </object_component>
      <object_component id="oc-56">
         <name>.debug_info</name>
         <load_address>0xe1e0</load_address>
         <run_address>0xe1e0</run_address>
         <size>0x1d2</size>
         <input_file_ref idref="fl-d6"/>
      </object_component>
      <object_component id="oc-163">
         <name>.debug_info</name>
         <load_address>0xe3b2</load_address>
         <run_address>0xe3b2</run_address>
         <size>0x46</size>
         <input_file_ref idref="fl-d6"/>
      </object_component>
      <object_component id="oc-52">
         <name>.debug_info</name>
         <load_address>0xe3f8</load_address>
         <run_address>0xe3f8</run_address>
         <size>0x2a8</size>
         <input_file_ref idref="fl-d7"/>
      </object_component>
      <object_component id="oc-1c">
         <name>.debug_info</name>
         <load_address>0xe6a0</load_address>
         <run_address>0xe6a0</run_address>
         <size>0x1ea</size>
         <input_file_ref idref="fl-d7"/>
      </object_component>
      <object_component id="oc-4d">
         <name>.debug_info</name>
         <load_address>0xe88a</load_address>
         <run_address>0xe88a</run_address>
         <size>0x46</size>
         <input_file_ref idref="fl-d7"/>
      </object_component>
      <object_component id="oc-15b">
         <name>.debug_info</name>
         <load_address>0xe8d0</load_address>
         <run_address>0xe8d0</run_address>
         <size>0x2c</size>
         <input_file_ref idref="fl-d7"/>
      </object_component>
      <object_component id="oc-159">
         <name>.debug_info</name>
         <load_address>0xe8fc</load_address>
         <run_address>0xe8fc</run_address>
         <size>0x29e</size>
         <input_file_ref idref="fl-d8"/>
      </object_component>
      <object_component id="oc-19">
         <name>.debug_info</name>
         <load_address>0xeb9a</load_address>
         <run_address>0xeb9a</run_address>
         <size>0x250</size>
         <input_file_ref idref="fl-d8"/>
      </object_component>
      <object_component id="oc-3d">
         <name>.debug_info</name>
         <load_address>0xedea</load_address>
         <run_address>0xedea</run_address>
         <size>0x60</size>
         <input_file_ref idref="fl-d8"/>
      </object_component>
      <object_component id="oc-23c">
         <name>.debug_info</name>
         <load_address>0xee4a</load_address>
         <run_address>0xee4a</run_address>
         <size>0x46</size>
         <input_file_ref idref="fl-d8"/>
      </object_component>
      <object_component id="oc-154">
         <name>.debug_info</name>
         <load_address>0xee90</load_address>
         <run_address>0xee90</run_address>
         <size>0x39</size>
         <input_file_ref idref="fl-d8"/>
      </object_component>
      <object_component id="oc-46e">
         <name>.debug_info</name>
         <load_address>0xeec9</load_address>
         <run_address>0xeec9</run_address>
         <size>0x28f</size>
         <input_file_ref idref="fl-d9"/>
      </object_component>
      <object_component id="oc-3f7">
         <name>.debug_info</name>
         <load_address>0xf158</load_address>
         <run_address>0xf158</run_address>
         <size>0x245</size>
         <input_file_ref idref="fl-d9"/>
      </object_component>
      <object_component id="oc-25">
         <name>.debug_info</name>
[...]
         <name>GetTimer</name>
         <value>0x43e9</value>
         <object_component_ref idref="oc-33"/>
      </symbol>
      <symbol id="sm-3b0">
         <name>TimerInterrupt_Init</name>
         <value>0x4385</value>
         <object_component_ref idref="oc-33"/>
      </symbol>
      <symbol id="sm-3b1">
         <name>Timer2IntHandler</name>
         <value>0x4467</value>
         <object_component_ref idref="oc-33"/>
      </symbol>
      <symbol id="sm-3b2">
         <name>Timer0IntHandler</name>
         <value>0x4433</value>
         <object_component_ref idref="oc-33"/>
      </symbol>
      <symbol id="sm-3b3">
         <name>Timer1IntHandler</name>
         <value>0x444d</value>
         <object_component_ref idref="oc-33"/>
      </symbol>
      <symbol id="sm-3db">
         <name>sprintf</name>
         <value>0x52dd</value>
         <object_component_ref idref="oc-33e"/>
      </symbol>
      <symbol id="sm-3fd">
         <name>__aeabi_cdcmpeq</name>
         <value>0x4ae1</value>
         <object_component_ref idref="oc-47f"/>
      </symbol>
      <symbol id="sm-3fe">
         <name>__aeabi_cdcmple</name>
         <value>0x4ae1</value>
         <object_component_ref idref="oc-47f"/>
      </symbol>
      <symbol id="sm-3ff">
         <name>__aeabi_cdrcmple</name>
         <value>0x4b67</value>
         <object_component_ref idref="oc-4d9"/>
      </symbol>
      <symbol id="sm-413">
         <name>__aeabi_ddiv</name>
         <value>0x424d</value>
         <object_component_ref idref="oc-4d4"/>
      </symbol>
      <symbol id="sm-41e">
         <name>__aeabi_dmul</name>
         <value>0x4801</value>
         <object_component_ref idref="oc-4cf"/>
      </symbol>
      <symbol id="sm-43b">
         <name>memcpy</name>
         <value>0x49af</value>
         <object_component_ref idref="oc-47"/>
      </symbol>
      <symbol id="sm-43c">
         <name>__aeabi_memcpy</name>
         <value>0x49af</value>
         <object_component_ref idref="oc-47"/>
      </symbol>
      <symbol id="sm-43d">
         <name>__aeabi_memcpy8</name>
         <value>0x49af</value>
         <object_component_ref idref="oc-47"/>
      </symbol>
      <symbol id="sm-43e">
         <name>__aeabi_memcpy4</name>
         <value>0x49af</value>
         <object_component_ref idref="oc-47"/>
      </symbol>
      <symbol id="sm-452">
         <name>__TI_zero_init_nomemset</name>
         <value>0x5611</value>
         <object_component_ref idref="oc-53"/>
      </symbol>
      <symbol id="sm-469">
         <name>__TI_decompress_none</name>
         <value>0x584f</value>
         <object_component_ref idref="oc-1b"/>
      </symbol>
      <symbol id="sm-48c">
         <name>__TI_decompress_lzss</name>
         <value>0x4e21</value>
         <object_component_ref idref="oc-15"/>
      </symbol>
      <symbol id="sm-49a">
         <name>strlen</name>
         <value>0x578d</value>
         <object_component_ref idref="oc-3f6"/>
      </symbol>
      <symbol id="sm-4ad">
         <name>__stack</name>
         <value>0x20000000</value>
         <object_component_ref idref="oc-24"/>
      </symbol>
      <symbol id="sm-4ae">
         <name>_c_int00_noargs</name>
         <value>0x5405</value>
         <object_component_ref idref="oc-65"/>
      </symbol>
      <symbol id="sm-613">
         <name>__TI_printfi</name>
         <value>0x1a41</value>
         <object_component_ref idref="oc-41a"/>
      </symbol>
      <symbol id="sm-622">
         <name>__aeabi_memset</name>
         <value>0x4c69</value>
         <object_component_ref idref="oc-169"/>
      </symbol>
      <symbol id="sm-623">
         <name>memset</name>
         <value>0x4c6f</value>
         <object_component_ref idref="oc-169"/>
      </symbol>
      <symbol id="sm-624">
         <name>__aeabi_memset8</name>
         <value>0x4c69</value>
         <object_component_ref idref="oc-169"/>
      </symbol>
      <symbol id="sm-625">
         <name>__aeabi_memset4</name>
         <value>0x4c69</value>
         <object_component_ref idref="oc-169"/>
      </symbol>
      <symbol id="sm-626">
         <name>__aeabi_memclr8</name>
         <value>0x4c67</value>
         <object_component_ref idref="oc-169"/>
      </symbol>
      <symbol id="sm-627">
         <name>__aeabi_memclr4</name>
         <value>0x4c67</value>
         <object_component_ref idref="oc-169"/>
      </symbol>
      <symbol id="sm-628">
         <name>__aeabi_memclr</name>
         <value>0x4c67</value>
         <object_component_ref idref="oc-169"/>
      </symbol>
      <symbol id="sm-63f">
         <name>__aeabi_dsub</name>
         <value>0x3ded</value>
         <object_component_ref idref="oc-4ee"/>
      </symbol>
      <symbol id="sm-640">
         <name>__aeabi_dadd</name>
         <value>0x3df7</value>
         <object_component_ref idref="oc-4ee"/>
      </symbol>
      <symbol id="sm-64a">
         <name>__aeabi_d2iz</name>
         <value>0x520d</value>
         <object_component_ref idref="oc-4de"/>
      </symbol>
      <symbol id="sm-654">
         <name>__aeabi_i2d</name>
         <value>0x5467</value>
         <object_component_ref idref="oc-4e9"/>
      </symbol>
      <symbol id="sm-661">
         <name>__aeabi_uldivmod</name>
         <value>0x4a4b</value>
         <object_component_ref idref="oc-4c8"/>
      </symbol>
      <symbol id="sm-689">
         <name>__TI_auto_init_nobinit_nopinit</name>
         <value>0x5255</value>
         <object_component_ref idref="oc-265"/>
      </symbol>
      <symbol id="sm-693">
         <name>_system_pre_init</name>
         <value>0x5947</value>
         <object_component_ref idref="oc-16f"/>
      </symbol>
      <symbol id="sm-69f">
         <name>C$$EXIT</name>
         <value>0x594b</value>
         <object_component_ref idref="oc-259"/>
      </symbol>
      <symbol id="sm-6a0">
         <name>abort</name>
         <value>0x594b</value>
         <object_component_ref idref="oc-259"/>
      </symbol>
      <symbol id="sm-6b0">
         <name>__TI_ltoa</name>
         <value>0x4fa3</value>
         <object_component_ref idref="oc-4e3"/>
      </symbol>
      <symbol id="sm-6c7">
         <name>atoi</name>
         <value>0x5131</value>
         <object_component_ref idref="oc-473"/>
      </symbol>
      <symbol id="sm-6d2">
         <name>_ctypes_</name>
         <value>0x6040</value>
         <object_component_ref idref="oc-4c3"/>
      </symbol>
      <symbol id="sm-6e2">
         <name>memccpy</name>
         <value>0x562d</value>
         <object_component_ref idref="oc-49c"/>
      </symbol>
      <symbol id="sm-6f2">
         <name>strchr</name>
         <value>0x5761</value>
         <object_component_ref idref="oc-51a"/>
      </symbol>
      <symbol id="sm-708">
         <name>__aeabi_errno_addr</name>
         <value>0x5921</value>
         <object_component_ref idref="oc-4a8"/>
      </symbol>
      <symbol id="sm-709">
         <name>errno</name>
         <value>0x20000284</value>
         <object_component_ref idref="oc-52a"/>
      </symbol>
      <symbol id="sm-729">
         <name>frexpl</name>
         <value>0x4e89</value>
         <object_component_ref idref="oc-50e"/>
      </symbol>
      <symbol id="sm-72a">
         <name>frexp</name>
         <value>0x4e89</value>
         <object_component_ref idref="oc-50e"/>
      </symbol>
      <symbol id="sm-747">
         <name>scalbn</name>
         <value>0x46f1</value>
         <object_component_ref idref="oc-514"/>
      </symbol>
      <symbol id="sm-748">
         <name>scalbnl</name>
         <value>0x46f1</value>
         <object_component_ref idref="oc-514"/>
      </symbol>
      <symbol id="sm-749">
         <name>ldexpl</name>
         <value>0x46f1</value>
         <object_component_ref idref="oc-514"/>
      </symbol>
      <symbol id="sm-74a">
         <name>ldexp</name>
         <value>0x46f1</value>
         <object_component_ref idref="oc-514"/>
      </symbol>
      <symbol id="sm-763">
         <name>wcslen</name>
         <value>0x57d7</value>
         <object_component_ref idref="oc-4a2"/>
      </symbol>
      <symbol id="sm-76d">
         <name>__aeabi_idiv0</name>
         <value>0x248f</value>
         <object_component_ref idref="oc-545"/>
      </symbol>
      <symbol id="sm-76e">
         <name>__aeabi_ldiv0</name>
         <value>0x248f</value>
         <object_component_ref idref="oc-545"/>
      </symbol>
      <symbol id="sm-778">
         <name>copysign</name>
         <value>0x5663</value>
         <object_component_ref idref="oc-55e"/>
      </symbol>
      <symbol id="sm-779">
         <name>copysignl</name>
         <value>0x5663</value>
         <object_component_ref idref="oc-55e"/>
      </symbol>
      <symbol id="sm-7f4">
         <name>ADCProcessorTrigger</name>
         <value>0x5695</value>
         <object_component_ref idref="oc-37a"/>
      </symbol>
      <symbol id="sm-7f5">
         <name>ADCSequenceEnable</name>
         <value>0x5833</value>
         <object_component_ref idref="oc-36e"/>
      </symbol>
      <symbol id="sm-7f6">
         <name>ADCIntDisable</name>
         <value>0x5817</value>
         <object_component_ref idref="oc-392"/>
      </symbol>
      <symbol id="sm-7f7">
         <name>ADCSequenceConfigure</name>
         <value>0x5049</value>
         <object_component_ref idref="oc-362"/>
      </symbol>
      <symbol id="sm-7f8">
         <name>ADCSequenceStepConfigure</name>
         <value>0x4bed</value>
         <object_component_ref idref="oc-368"/>
      </symbol>
      <symbol id="sm-7f9">
         <name>ADCIntClear</name>
         <value>0x588d</value>
         <object_component_ref idref="oc-374"/>
      </symbol>
      <symbol id="sm-7fa">
         <name>ADCHardwareOversampleConfigure</name>
         <value>0x5809</value>
         <object_component_ref idref="oc-35c"/>
      </symbol>
      <symbol id="sm-7fb">
         <name>ADCIntStatus</name>
         <value>0x5439</value>
         <object_component_ref idref="oc-380"/>
      </symbol>
      <symbol id="sm-7fc">
         <name>ADCSequenceDisable</name>
         <value>0x5825</value>
         <object_component_ref idref="oc-38c"/>
      </symbol>
      <symbol id="sm-7fd">
         <name>ADCClockConfigSet</name>
         <value>0x567d</value>
         <object_component_ref idref="oc-356"/>
      </symbol>
      <symbol id="sm-7fe">
         <name>ADCSequenceDataGet</name>
         <value>0x55d5</value>
         <object_component_ref idref="oc-386"/>
      </symbol>
      <symbol id="sm-868">
         <name>GPIOPinTypePWM</name>
         <value>0x571f</value>
         <object_component_ref idref="oc-8c"/>
      </symbol>
      <symbol id="sm-869">
         <name>GPIOPinConfigure</name>
         <value>0x5099</value>
         <object_component_ref idref="oc-86"/>
      </symbol>
      <symbol id="sm-86a">
         <name>GPIOPinTypeI2CSCL</name>
         <value>0x5709</value>
         <object_component_ref idref="oc-1d7"/>
      </symbol>
      <symbol id="sm-86b">
         <name>GPIOPinTypeI2C</name>
         <value>0x56f3</value>
         <object_component_ref idref="oc-1dd"/>
      </symbol>
      <symbol id="sm-86c">
         <name>GPIOPinTypeADC</name>
         <value>0x56dd</value>
         <object_component_ref idref="oc-350"/>
      </symbol>
      <symbol id="sm-86d">
         <name>GPIOPinTypeGPIOOutput</name>
         <value>0x5649</value>
         <object_component_ref idref="oc-2f1"/>
      </symbol>
      <symbol id="sm-86e">
         <name>GPIODirModeSet</name>
         <value>0x5519</value>
         <object_component_ref idref="oc-194"/>
      </symbol>
      <symbol id="sm-86f">
         <name>GPIOPinWrite</name>
         <value>0x5929</value>
         <object_component_ref idref="oc-465"/>
      </symbol>
      <symbol id="sm-870">
         <name>GPIOPadConfigSet</name>
         <value>0x3fa5</value>
         <object_component_ref idref="oc-19a"/>
      </symbol>
      <symbol id="sm-871">
         <name>GPIOPinTypeSSI</name>
         <value>0x5735</value>
         <object_component_ref idref="oc-3c8"/>
      </symbol>
      <symbol id="sm-8bd">
         <name>I2CMasterBusBusy</name>
         <value>0x58f1</value>
         <object_component_ref idref="oc-20d"/>
      </symbol>
      <symbol id="sm-8be">
         <name>I2CMasterDataPut</name>
         <value>0x593f</value>
         <object_component_ref idref="oc-1f5"/>
      </symbol>
      <symbol id="sm-8bf">
         <name>I2CMasterInitExpClk</name>
         <value>0x50e5</value>
         <object_component_ref idref="oc-1e3"/>
      </symbol>
      <symbol id="sm-8c0">
         <name>I2CMasterSlaveAddrSet</name>
         <value>0x5901</value>
         <object_component_ref idref="oc-1ef"/>
      </symbol>
      <symbol id="sm-8c1">
         <name>I2CMasterErr</name>
         <value>0x574b</value>
         <object_component_ref idref="oc-207"/>
      </symbol>
      <symbol id="sm-8c2">
         <name>I2CMasterControl</name>
         <value>0x593b</value>
         <object_component_ref idref="oc-1fb"/>
      </symbol>
      <symbol id="sm-8c3">
         <name>I2CMasterBusy</name>
         <value>0x58f9</value>
         <object_component_ref idref="oc-201"/>
      </symbol>
      <symbol id="sm-8c4">
         <name>I2CMasterEnable</name>
         <value>0x5897</value>
         <object_component_ref idref="oc-1e9"/>
      </symbol>
      <symbol id="sm-917">
         <name>IntPrioritySet</name>
         <value>0x556d</value>
         <object_component_ref idref="oc-fd"/>
      </symbol>
      <symbol id="sm-918">
         <name>IntEnable</name>
         <value>0x4db9</value>
         <object_component_ref idref="oc-b6"/>
      </symbol>
      <symbol id="sm-919">
         <name>IntDisable</name>
         <value>0x4d51</value>
         <object_component_ref idref="oc-ce"/>
      </symbol>
      <symbol id="sm-91a">
         <name>IntMasterEnable</name>
         <value>0x57e9</value>
         <object_component_ref idref="oc-e6"/>
      </symbol>
      <symbol id="sm-981">
         <name>PWMGenPeriodSet</name>
         <value>0x57f9</value>
         <object_component_ref idref="oc-9e"/>
      </symbol>
      <symbol id="sm-982">
         <name>PWMGenIntTrigEnable</name>
         <value>0x58ab</value>
         <object_component_ref idref="oc-b0"/>
      </symbol>
      <symbol id="sm-983">
         <name>PWMGenDisable</name>
         <value>0x5869</value>
         <object_component_ref idref="oc-c8"/>
      </symbol>
      <symbol id="sm-984">
         <name>PWMClockSet</name>
         <value>0x5779</value>
         <object_component_ref idref="oc-92"/>
      </symbol>
      <symbol id="sm-985">
         <name>PWMPulseWidthSet</name>
         <value>0x55f3</value>
         <object_component_ref idref="oc-a4"/>
      </symbol>
      <symbol id="sm-986">
         <name>PWMIntDisable</name>
         <value>0x58b5</value>
         <object_component_ref idref="oc-da"/>
      </symbol>
      <symbol id="sm-987">
         <name>PWMGenIntClear</name>
         <value>0x592f</value>
         <object_component_ref idref="oc-e0"/>
      </symbol>
      <symbol id="sm-988">
         <name>PWMOutputState</name>
         <value>0x57a1</value>
         <object_component_ref idref="oc-bc"/>
      </symbol>
      <symbol id="sm-989">
         <name>PWMGenEnable</name>
         <value>0x5875</value>
         <object_component_ref idref="oc-c2"/>
      </symbol>
      <symbol id="sm-98a">
         <name>PWMIntEnable</name>
         <value>0x5909</value>
         <object_component_ref idref="oc-aa"/>
      </symbol>
      <symbol id="sm-98b">
         <name>PWMGenConfigure</name>
         <value>0x5591</value>
         <object_component_ref idref="oc-98"/>
      </symbol>
      <symbol id="sm-98c">
         <name>PWMGenIntTrigDisable</name>
         <value>0x58a1</value>
         <object_component_ref idref="oc-d4"/>
      </symbol>
      <symbol id="sm-9c4">
         <name>SSIDataPut</name>
         <value>0x58bf</value>
         <object_component_ref idref="oc-40d"/>
      </symbol>
      <symbol id="sm-9c5">
         <name>SSIDataGetNonBlocking</name>
         <value>0x57b3</value>
         <object_component_ref idref="oc-3da"/>
      </symbol>
      <symbol id="sm-9c6">
         <name>SSIConfigSetExpClk</name>
         <value>0x535b</value>
         <object_component_ref idref="oc-3ce"/>
      </symbol>
      <symbol id="sm-9c7">
         <name>SSIEnable</name>
         <value>0x58d3</value>
         <object_component_ref idref="oc-3d4"/>
      </symbol>
      <symbol id="sm-9c8">
         <name>SSIBusy</name>
         <value>0x5911</value>
         <object_component_ref idref="oc-413"/>
      </symbol>
      <symbol id="sm-9c9">
         <name>SSIDisable</name>
         <value>0x58c9</value>
         <object_component_ref idref="oc-3c2"/>
      </symbol>
      <symbol id="sm-a65">
         <name>SysCtlDelay</name>
         <value>0x5935</value>
         <object_component_ref idref="oc-347"/>
      </symbol>
      <symbol id="sm-a66">
         <name>SysCtlPeripheralEnable</name>
         <value>0x53d1</value>
         <object_component_ref idref="oc-7a"/>
      </symbol>
      <symbol id="sm-a67">
         <name>SysCtlClockGet</name>
         <value>0x45d9</value>
         <object_component_ref idref="oc-348"/>
      </symbol>
      <symbol id="sm-a68">
         <name>SysCtlPeripheralReady</name>
         <value>0x5399</value>
         <object_component_ref idref="oc-80"/>
      </symbol>
      <symbol id="sm-a69">
         <name>SysCtlClockFreqSet</name>
         <value>0x3835</value>
         <object_component_ref idref="oc-24c"/>
      </symbol>
      <symbol id="sm-aaf">
         <name>TimerLoadSet</name>
         <value>0x57c5</value>
         <object_component_ref idref="oc-10f"/>
      </symbol>
      <symbol id="sm-ab0">
         <name>TimerDisable</name>
         <value>0x56ad</value>
         <object_component_ref idref="oc-12d"/>
      </symbol>
      <symbol id="sm-ab1">
         <name>TimerEnable</name>
         <value>0x5841</value>
         <object_component_ref idref="oc-115"/>
      </symbol>
      <symbol id="sm-ab2">
         <name>TimerIntDisable</name>
         <value>0x58dd</value>
         <object_component_ref idref="oc-133"/>
      </symbol>
      <symbol id="sm-ab3">
         <name>TimerIntEnable</name>
         <value>0x5919</value>
         <object_component_ref idref="oc-103"/>
      </symbol>
      <symbol id="sm-ab4">
         <name>TimerConfigure</name>
         <value>0x4eed</value>
         <object_component_ref idref="oc-109"/>
      </symbol>
      <symbol id="sm-ab5">
         <name>TimerIntClear</name>
         <value>0x5943</value>
         <object_component_ref idref="oc-11b"/>
      </symbol>
      <symbol id="sm-ac0">
         <name>CPUcpsie</name>
         <value>0x585d</value>
         <object_component_ref idref="oc-1b7"/>
      </symbol>
      <symbol id="sm-ac1">
         <name>__TI_static_base__</name>
         <value>0x0</value>
      </symbol>
      <symbol id="sm-ac4">
         <name>__mpu_init</name>
         <value>0x0</value>
      </symbol>
      <symbol id="sm-ac5">
         <name>_system_post_cinit</name>
         <value>0x0</value>
      </symbol>
   </symbol_table>
   <title>Link successful</title>
</link_info>
