<?xml version="1.0" encoding="ISO-8859-1" ?>
<link_info>
   <banner>TI ARM Linker PC v20.2.1.LTS</banner>
   <copyright>Copyright (c) 1996-2018 Texas Instruments Incorporated</copyright>
   <link_time>0x601c384d</link_time>
   <link_errors>0x0</link_errors>
   <output_file>Puls_Oximeter_final.out</output_file>
   <entry_point>
      <name>_c_int00_noargs</name>
      <address>0x4fb1</address>
   </entry_point>
   <input_file_list>
      <input_file id="fl-2">
         <path>.\</path>
         <kind>object</kind>
         <file>main.obj</file>
         <name>main.obj</name>
      </input_file>
      <input_file id="fl-3">
         <path>.\</path>
         <kind>object</kind>
         <file>tm4c129encpdt_startup_ccs.obj</file>
         <name>tm4c129encpdt_startup_ccs.obj</name>
      </input_file>
      <input_file id="fl-4">
         <path>.\booster_pack_display\</path>
         <kind>object</kind>
         <file>CFAF128128B0145T.obj</file>
         <name>CFAF128128B0145T.obj</name>
      </input_file>
      <input_file id="fl-5">
         <path>.\source\</path>
         <kind>object</kind>
         <file>ADC.obj</file>
         <name>ADC.obj</name>
      </input_file>
      <input_file id="fl-6">
         <path>.\source\</path>
         <kind>object</kind>
         <file>Beeper.obj</file>
         <name>Beeper.obj</name>
      </input_file>
      <input_file id="fl-7">
         <path>.\source\</path>
         <kind>object</kind>
         <file>Button.obj</file>
         <name>Button.obj</name>
      </input_file>
      <input_file id="fl-8">
         <path>.\source\</path>
         <kind>object</kind>
         <file>Calculation.obj</file>
         <name>Calculation.obj</name>
      </input_file>
      <input_file id="fl-9">
         <path>.\source\</path>
         <kind>object</kind>
         <file>DAC_MCP4728.obj</file>
         <name>DAC_MCP4728.obj</name>
      </input_file>
      <input_file id="fl-a">
         <path>.\source\</path>
         <kind>object</kind>
         <file>Delay.obj</file>
         <name>Delay.obj</name>
      </input_file>
      <input_file id="fl-b">
         <path>.\source\</path>
         <kind>object</kind>
         <file>FIFO_Module.obj</file>
         <name>FIFO_Module.obj</name>
      </input_file>
      <input_file id="fl-c">
         <path>.\source\</path>
         <kind>object</kind>
         <file>Filter.obj</file>
         <name>Filter.obj</name>
      </input_file>
      <input_file id="fl-d">
         <path>.\source\</path>
         <kind>object</kind>
         <file>Init.obj</file>
         <name>Init.obj</name>
      </input_file>
      <input_file id="fl-e">
         <path>.\source\</path>
         <kind>object</kind>
         <file>LCD.obj</file>
         <name>LCD.obj</name>
      </input_file>
      <input_file id="fl-f">
         <path>.\source\</path>
         <kind>object</kind>
         <file>LUT.obj</file>
         <name>LUT.obj</name>
      </input_file>
      <input_file id="fl-10">
         <path>.\source\</path>
         <kind>object</kind>
         <file>OMM_Modul.obj</file>
         <name>OMM_Modul.obj</name>
      </input_file>
      <input_file id="fl-11">
         <path>.\source\</path>
         <kind>object</kind>
         <file>PWM.obj</file>
         <name>PWM.obj</name>
      </input_file>
      <input_file id="fl-12">
         <path>.\source\</path>
         <kind>object</kind>
         <file>Processing.obj</file>
         <name>Processing.obj</name>
      </input_file>
      <input_file id="fl-13">
         <path>.\source\</path>
         <kind>object</kind>
         <file>Safety_Modul.obj</file>
         <name>Safety_Modul.obj</name>
      </input_file>
      <input_file id="fl-14">
         <path>.\source\</path>
         <kind>object</kind>
         <file>Timer.obj</file>
         <name>Timer.obj</name>
      </input_file>
      <input_file id="fl-15">
         <path>.\source\</path>
         <kind>object</kind>
         <file>Timer_Modul.obj</file>
         <name>Timer_Modul.obj</name>
      </input_file>
      <input_file id="fl-16">
         <path>.\source\</path>
         <kind>object</kind>
         <file>UART.obj</file>
         <name>UART.obj</name>
      </input_file>
      <input_file id="fl-1b">
         <kind>object</kind>
         <file>&lt;internal&gt;</file>
         <name>&lt;internal&gt;</name>
      </input_file>
      <input_file id="fl-d1">
         <path>C:\Tools\TexasInstruments\ccs1010\ccs\tools\compiler\ti-cgt-arm_20.2.1.LTS\lib\</path>
         <kind>archive</kind>
         <file>rtsv7M4_T_le_v4SPD16_eabi.lib</file>
         <name>sprintf.c.obj</name>
      </input_file>
      <input_file id="fl-d2">
         <path>C:\Tools\TexasInstruments\ccs1010\ccs\tools\compiler\ti-cgt-arm_20.2.1.LTS\lib\</path>
         <kind>archive</kind>
         <file>rtsv7M4_T_le_v4SPD16_eabi.lib</file>
         <name>memcpy_t2.asm.obj</name>
      </input_file>
      <input_file id="fl-d3">
         <path>C:\Tools\TexasInstruments\ccs1010\ccs\tools\compiler\ti-cgt-arm_20.2.1.LTS\lib\</path>
         <kind>archive</kind>
         <file>rtsv7M4_T_le_v4SPD16_eabi.lib</file>
         <name>copy_zero_init.c.obj</name>
      </input_file>
      <input_file id="fl-d4">
         <path>C:\Tools\TexasInstruments\ccs1010\ccs\tools\compiler\ti-cgt-arm_20.2.1.LTS\lib\</path>
         <kind>archive</kind>
         <file>rtsv7M4_T_le_v4SPD16_eabi.lib</file>
         <name>copy_decompress_none.c.obj</name>
      </input_file>
      <input_file id="fl-d5">
         <path>C:\Tools\TexasInstruments\ccs1010\ccs\tools\compiler\ti-cgt-arm_20.2.1.LTS\lib\</path>
         <kind>archive</kind>
         <file>rtsv7M4_T_le_v4SPD16_eabi.lib</file>
         <name>copy_decompress_lzss.c.obj</name>
      </input_file>
      <input_file id="fl-d6">
         <path>C:\Tools\TexasInstruments\ccs1010\ccs\tools\compiler\ti-cgt-arm_20.2.1.LTS\lib\</path>
         <kind>archive</kind>
         <file>rtsv7M4_T_le_v4SPD16_eabi.lib</file>
         <name>strlen.c.obj</name>
      </input_file>
      <input_file id="fl-d7">
         <path>C:\Tools\TexasInstruments\ccs1010\ccs\tools\compiler\ti-cgt-arm_20.2.1.LTS\lib\</path>
         <kind>archive</kind>
         <file>rtsv7M4_T_le_v4SPD16_eabi.lib</file>
         <name>boot_cortex_m.c.obj</name>
      </input_file>
      <input_file id="fl-d8">
         <path>C:\Tools\TexasInstruments\ccs1010\ccs\tools\compiler\ti-cgt-arm_20.2.1.LTS\lib\</path>
         <kind>archive</kind>
         <file>rtsv7M4_T_le_v4SPD16_eabi.lib</file>
         <name>_printfi.c.obj</name>
      </input_file>
      <input_file id="fl-d9">
         <path>C:\Tools\TexasInstruments\ccs1010\ccs\tools\compiler\ti-cgt-arm_20.2.1.LTS\lib\</path>
         <kind>archive</kind>
         <file>rtsv7M4_T_le_v4SPD16_eabi.lib</file>
         <name>memset_t2.asm.obj</name>
      </input_file>
      <input_file id="fl-da">
         <path>C:\Tools\TexasInstruments\ccs1010\ccs\tools\compiler\ti-cgt-arm_20.2.1.LTS\lib\</path>
         <kind>archive</kind>
         <file>rtsv7M4_T_le_v4SPD16_eabi.lib</file>
         <name>fd_add_t2.asm.obj</name>
      </input_file>
      <input_file id="fl-db">
         <path>C:\Tools\TexasInstruments\ccs1010\ccs\tools\compiler\ti-cgt-arm_20.2.1.LTS\lib\</path>
         <kind>archive</kind>
         <file>rtsv7M4_T_le_v4SPD16_eabi.lib</file>
         <name>fd_cmp_t2.asm.obj</name>
      </input_file>
      <input_file id="fl-dc">
         <path>C:\Tools\TexasInstruments\ccs1010\ccs\tools\compiler\ti-cgt-arm_20.2.1.LTS\lib\</path>
         <kind>archive</kind>
         <file>rtsv7M4_T_le_v4SPD16_eabi.lib</file>
         <name>fd_div_t2.asm.obj</name>
      </input_file>
      <input_file id="fl-dd">
         <path>C:\Tools\TexasInstruments\ccs1010\ccs\tools\compiler\ti-cgt-arm_20.2.1.LTS\lib\</path>
         <kind>archive</kind>
         <file>rtsv7M4_T_le_v4SPD16_eabi.lib</file>
         <name>fd_mul_t2.asm.obj</name>
      </input_file>
      <input_file id="fl-de">
         <path>C:\Tools\TexasInstruments\ccs1010\ccs\tools\compiler\ti-cgt-arm_20.2.1.LTS\lib\</path>
         <kind>archive</kind>
         <file>rtsv7M4_T_le_v4SPD16_eabi.lib</file>
         <name>fd_toi_t2.asm.obj</name>
      </input_file>
      <input_file id="fl-df">
         <path>C:\Tools\TexasInstruments\ccs1010\ccs\tools\compiler\ti-cgt-arm_20.2.1.LTS\lib\</path>
         <kind>archive</kind>
         <file>rtsv7M4_T_le_v4SPD16_eabi.lib</file>
         <name>i_tofd_t2.asm.obj</name>
      </input_file>
      <input_file id="fl-e0">
         <path>C:\Tools\TexasInstruments\ccs1010\ccs\tools\compiler\ti-cgt-arm_20.2.1.LTS\lib\</path>
         <kind>archive</kind>
         <file>rtsv7M4_T_le_v4SPD16_eabi.lib</file>
         <name>ull_div_t2.asm.obj</name>
      </input_file>
      <input_file id="fl-e1">
         <path>C:\Tools\TexasInstruments\ccs1010\ccs\tools\compiler\ti-cgt-arm_20.2.1.LTS\lib\</path>
         <kind>archive</kind>
         <file>rtsv7M4_T_le_v4SPD16_eabi.lib</file>
         <name>autoinit.c.obj</name>
      </input_file>
      <input_file id="fl-e2">
         <path>C:\Tools\TexasInstruments\ccs1010\ccs\tools\compiler\ti-cgt-arm_20.2.1.LTS\lib\</path>
         <kind>archive</kind>
         <file>rtsv7M4_T_le_v4SPD16_eabi.lib</file>
         <name>pre_init.c.obj</name>
      </input_file>
      <input_file id="fl-e3">
         <path>C:\Tools\TexasInstruments\ccs1010\ccs\tools\compiler\ti-cgt-arm_20.2.1.LTS\lib\</path>
         <kind>archive</kind>
         <file>rtsv7M4_T_le_v4SPD16_eabi.lib</file>
         <name>cpy_tbl.c.obj</name>
      </input_file>
      <input_file id="fl-e4">
         <path>C:\Tools\TexasInstruments\ccs1010\ccs\tools\compiler\ti-cgt-arm_20.2.1.LTS\lib\</path>
         <kind>archive</kind>
         <file>rtsv7M4_T_le_v4SPD16_eabi.lib</file>
         <name>exit.c.obj</name>
      </input_file>
      <input_file id="fl-e5">
         <path>C:\Tools\TexasInstruments\ccs1010\ccs\tools\compiler\ti-cgt-arm_20.2.1.LTS\lib\</path>
         <kind>archive</kind>
         <file>rtsv7M4_T_le_v4SPD16_eabi.lib</file>
         <name>_lock.c.obj</name>
      </input_file>
      <input_file id="fl-e6">
         <path>C:\Tools\TexasInstruments\ccs1010\ccs\tools\compiler\ti-cgt-arm_20.2.1.LTS\lib\</path>
         <kind>archive</kind>
         <file>rtsv7M4_T_le_v4SPD16_eabi.lib</file>
         <name>_ltoa.c.obj</name>
      </input_file>
      <input_file id="fl-e7">
         <path>C:\Tools\TexasInstruments\ccs1010\ccs\tools\compiler\ti-cgt-arm_20.2.1.LTS\lib\</path>
         <kind>archive</kind>
         <file>rtsv7M4_T_le_v4SPD16_eabi.lib</file>
         <name>args_main.c.obj</name>
      </input_file>
      <input_file id="fl-e8">
         <path>C:\Tools\TexasInstruments\ccs1010\ccs\tools\compiler\ti-cgt-arm_20.2.1.LTS\lib\</path>
         <kind>archive</kind>
         <file>rtsv7M4_T_le_v4SPD16_eabi.lib</file>
         <name>atoi.c.obj</name>
      </input_file>
      <input_file id="fl-e9">
         <path>C:\Tools\TexasInstruments\ccs1010\ccs\tools\compiler\ti-cgt-arm_20.2.1.LTS\lib\</path>
         <kind>archive</kind>
         <file>rtsv7M4_T_le_v4SPD16_eabi.lib</file>
         <name>ctype.c.obj</name>
      </input_file>
      <input_file id="fl-ea">
         <path>C:\Tools\TexasInstruments\ccs1010\ccs\tools\compiler\ti-cgt-arm_20.2.1.LTS\lib\</path>
         <kind>archive</kind>
         <file>rtsv7M4_T_le_v4SPD16_eabi.lib</file>
         <name>memccpy.c.obj</name>
      </input_file>
      <input_file id="fl-eb">
         <path>C:\Tools\TexasInstruments\ccs1010\ccs\tools\compiler\ti-cgt-arm_20.2.1.LTS\lib\</path>
         <kind>archive</kind>
         <file>rtsv7M4_T_le_v4SPD16_eabi.lib</file>
         <name>strchr.c.obj</name>
      </input_file>
      <input_file id="fl-ec">
         <path>C:\Tools\TexasInstruments\ccs1010\ccs\tools\compiler\ti-cgt-arm_20.2.1.LTS\lib\</path>
         <kind>archive</kind>
         <file>rtsv7M4_T_le_v4SPD16_eabi.lib</file>
         <name>errno.c.obj</name>
      </input_file>
      <input_file id="fl-ed">
         <path>C:\Tools\TexasInstruments\ccs1010\ccs\tools\compiler\ti-cgt-arm_20.2.1.LTS\lib\</path>
         <kind>archive</kind>
         <file>rtsv7M4_T_le_v4SPD16_eabi.lib</file>
         <name>s_frexp.c.obj</name>
      </input_file>
      <input_file id="fl-ee">
         <path>C:\Tools\TexasInstruments\ccs1010\ccs\tools\compiler\ti-cgt-arm_20.2.1.LTS\lib\</path>
         <kind>archive</kind>
         <file>rtsv7M4_T_le_v4SPD16_eabi.lib</file>
         <name>s_scalbn.c.obj</name>
      </input_file>
      <input_file id="fl-ef">
         <path>C:\Tools\TexasInstruments\ccs1010\ccs\tools\compiler\ti-cgt-arm_20.2.1.LTS\lib\</path>
         <kind>archive</kind>
         <file>rtsv7M4_T_le_v4SPD16_eabi.lib</file>
         <name>wcslen.c.obj</name>
      </input_file>
      <input_file id="fl-f0">
         <path>C:\Tools\TexasInstruments\ccs1010\ccs\tools\compiler\ti-cgt-arm_20.2.1.LTS\lib\</path>
         <kind>archive</kind>
         <file>rtsv7M4_T_le_v4SPD16_eabi.lib</file>
         <name>div0.asm.obj</name>
      </input_file>
      <input_file id="fl-f1">
         <path>C:\Tools\TexasInstruments\ccs1010\ccs\tools\compiler\ti-cgt-arm_20.2.1.LTS\lib\</path>
         <kind>archive</kind>
         <file>rtsv7M4_T_le_v4SPD16_eabi.lib</file>
         <name>s_copysign.c.obj</name>
      </input_file>
      <input_file id="fl-f2">
         <path>C:\Tools\TexasInstruments\TivaWare_C_Series-2.2.0.295\driverlib\ccs\Debug\</path>
         <kind>archive</kind>
         <file>driverlib.lib</file>
         <name>adc.obj</name>
      </input_file>
      <input_file id="fl-f3">
         <path>C:\Tools\TexasInstruments\TivaWare_C_Series-2.2.0.295\driverlib\ccs\Debug\</path>
         <kind>archive</kind>
         <file>driverlib.lib</file>
         <name>gpio.obj</name>
      </input_file>
      <input_file id="fl-f4">
         <path>C:\Tools\TexasInstruments\TivaWare_C_Series-2.2.0.295\driverlib\ccs\Debug\</path>
         <kind>archive</kind>
         <file>driverlib.lib</file>
         <name>i2c.obj</name>
      </input_file>
      <input_file id="fl-f5">
         <path>C:\Tools\TexasInstruments\TivaWare_C_Series-2.2.0.295\driverlib\ccs\Debug\</path>
         <kind>archive</kind>
         <file>driverlib.lib</file>
         <name>interrupt.obj</name>
      </input_file>
      <input_file id="fl-f6">
         <path>C:\Tools\TexasInstruments\TivaWare_C_Series-2.2.0.295\driverlib\ccs\Debug\</path>
         <kind>archive</kind>
         <file>driverlib.lib</file>
         <name>pwm.obj</name>
      </input_file>
      <input_file id="fl-f7">
         <path>C:\Tools\TexasInstruments\TivaWare_C_Series-2.2.0.295\driverlib\ccs\Debug\</path>
         <kind>archive</kind>
         <file>driverlib.lib</file>
         <name>ssi.obj</name>
      </input_file>
      <input_file id="fl-f8">
         <path>C:\Tools\TexasInstruments\TivaWare_C_Series-2.2.0.295\driverlib\ccs\Debug\</path>
         <kind>archive</kind>
         <file>driverlib.lib</file>
         <name>sysctl.obj</name>
      </input_file>
      <input_file id="fl-f9">
         <path>C:\Tools\TexasInstruments\TivaWare_C_Series-2.2.0.295\driverlib\ccs\Debug\</path>
         <kind>archive</kind>
         <file>driverlib.lib</file>
         <name>timer.obj</name>
      </input_file>
      <input_file id="fl-fa">
         <path>C:\Tools\TexasInstruments\TivaWare_C_Series-2.2.0.295\driverlib\ccs\Debug\</path>
         <kind>archive</kind>
         <file>driverlib.lib</file>
         <name>uart.obj</name>
      </input_file>
      <input_file id="fl-fb">
         <path>C:\Tools\TexasInstruments\TivaWare_C_Series-2.2.0.295\driverlib\ccs\Debug\</path>
         <kind>archive</kind>
         <file>driverlib.lib</file>
         <name>cpu.obj</name>
      </input_file>
   </input_file_list>
   <object_component_list>
      <object_component id="oc-12">
         <name>.intvecs</name>
         <load_address>0x0</load_address>
         <run_address>0x0</run_address>
         <size>0x208</size>
         <input_file_ref idref="fl-3"/>
      </object_component>
      <object_component id="oc-308">
         <name>.text</name>
         <load_address>0x208</load_address>
         <run_address>0x208</run_address>
         <size>0x1838</size>
         <input_file_ref idref="fl-4"/>
      </object_component>
      <object_component id="oc-3f6">
         <name>.text:__TI_printfi</name>
         <load_address>0x1a40</load_address>
         <run_address>0x1a40</run_address>
         <size>0xa4e</size>
         <input_file_ref idref="fl-d8"/>
      </object_component>
      <object_component id="oc-522">
         <name>.text</name>
         <load_address>0x248e</load_address>
         <run_address>0x248e</run_address>
         <size>0x2</size>
         <input_file_ref idref="fl-f0"/>
      </object_component>
      <object_component id="oc-267">
         <name>.text</name>
         <load_address>0x2490</load_address>
         <run_address>0x2490</run_address>
         <size>0x3c2</size>
         <input_file_ref idref="fl-e"/>
      </object_component>
      <object_component id="oc-279">
         <name>.text</name>
         <load_address>0x2854</load_address>
         <run_address>0x2854</run_address>
         <size>0x31c</size>
         <input_file_ref idref="fl-5"/>
      </object_component>
      <object_component id="oc-2d">
         <name>.text</name>
         <load_address>0x2b70</load_address>
         <run_address>0x2b70</run_address>
         <size>0x2a8</size>
         <input_file_ref idref="fl-11"/>
      </object_component>
      <object_component id="oc-473">
         <name>.text:_pconv_a</name>
         <load_address>0x2e18</load_address>
         <run_address>0x2e18</run_address>
         <size>0x270</size>
         <input_file_ref idref="fl-d8"/>
      </object_component>
      <object_component id="oc-1c7">
         <name>.text</name>
         <load_address>0x3088</load_address>
         <run_address>0x3088</run_address>
         <size>0x238</size>
         <input_file_ref idref="fl-d"/>
      </object_component>
      <object_component id="oc-1cd">
         <name>.text</name>
         <load_address>0x32c0</load_address>
         <run_address>0x32c0</run_address>
         <size>0x208</size>
         <input_file_ref idref="fl-9"/>
      </object_component>
      <object_component id="oc-1c1">
         <name>.text:SysCtlClockFreqSet</name>
         <load_address>0x34c8</load_address>
         <run_address>0x34c8</run_address>
         <size>0x200</size>
         <input_file_ref idref="fl-f8"/>
      </object_component>
      <object_component id="oc-14f">
         <name>.text</name>
         <load_address>0x36c8</load_address>
         <run_address>0x36c8</run_address>
         <size>0x1e4</size>
         <input_file_ref idref="fl-2"/>
      </object_component>
      <object_component id="oc-461">
         <name>.text:_pconv_g</name>
         <load_address>0x38ac</load_address>
         <run_address>0x38ac</run_address>
         <size>0x1d0</size>
         <input_file_ref idref="fl-d8"/>
      </object_component>
      <object_component id="oc-4cb">
         <name>.text</name>
         <load_address>0x3a7c</load_address>
         <run_address>0x3a7c</run_address>
         <size>0x1b6</size>
         <input_file_ref idref="fl-da"/>
      </object_component>
      <object_component id="oc-174">
         <name>.text:GPIOPadConfigSet</name>
         <load_address>0x3c34</load_address>
         <run_address>0x3c34</run_address>
         <size>0x16c</size>
         <input_file_ref idref="fl-f3"/>
      </object_component>
      <object_component id="oc-46d">
         <name>.text:_pconv_e</name>
         <load_address>0x3da0</load_address>
         <run_address>0x3da0</run_address>
         <size>0x13c</size>
         <input_file_ref idref="fl-d8"/>
      </object_component>
      <object_component id="oc-4b1">
         <name>.text</name>
         <load_address>0x3edc</load_address>
         <run_address>0x3edc</run_address>
         <size>0x136</size>
         <input_file_ref idref="fl-dc"/>
      </object_component>
      <object_component id="oc-4dd">
         <name>.text:fcvt</name>
         <load_address>0x4014</load_address>
         <run_address>0x4014</run_address>
         <size>0x124</size>
         <input_file_ref idref="fl-d8"/>
      </object_component>
      <object_component id="oc-318">
         <name>.text:SysCtlClockGet</name>
         <load_address>0x4138</load_address>
         <run_address>0x4138</run_address>
         <size>0x118</size>
         <input_file_ref idref="fl-f8"/>
      </object_component>
      <object_component id="oc-4f1">
         <name>.text:scalbn</name>
         <load_address>0x4250</load_address>
         <run_address>0x4250</run_address>
         <size>0x110</size>
         <input_file_ref idref="fl-ee"/>
      </object_component>
      <object_component id="oc-4ac">
         <name>.text</name>
         <load_address>0x4360</load_address>
         <run_address>0x4360</run_address>
         <size>0xfc</size>
         <input_file_ref idref="fl-dd"/>
      </object_component>
      <object_component id="oc-456">
         <name>.text:_ltostr</name>
         <load_address>0x445c</load_address>
         <run_address>0x445c</run_address>
         <size>0xb1</size>
         <input_file_ref idref="fl-d8"/>
      </object_component>
      <object_component id="oc-47">
         <name>.text</name>
         <load_address>0x450e</load_address>
         <run_address>0x450e</run_address>
         <size>0x9c</size>
         <input_file_ref idref="fl-d2"/>
      </object_component>
      <object_component id="oc-4a5">
         <name>.text</name>
         <load_address>0x45aa</load_address>
         <run_address>0x45aa</run_address>
         <size>0x96</size>
         <input_file_ref idref="fl-e0"/>
      </object_component>
      <object_component id="oc-33">
         <name>.text</name>
         <load_address>0x4640</load_address>
         <run_address>0x4640</run_address>
         <size>0x90</size>
         <input_file_ref idref="fl-14"/>
      </object_component>
      <object_component id="oc-45c">
         <name>.text:__aeabi_cdcmple</name>
         <load_address>0x46d0</load_address>
         <run_address>0x46d0</run_address>
         <size>0x86</size>
         <input_file_ref idref="fl-db"/>
      </object_component>
      <object_component id="oc-4b6">
         <name>.text:__aeabi_cdrcmple</name>
         <load_address>0x4756</load_address>
         <run_address>0x4756</run_address>
         <size>0x86</size>
         <input_file_ref idref="fl-db"/>
      </object_component>
      <object_component id="oc-32b">
         <name>.text:ADCSequenceStepConfigure</name>
         <load_address>0x47dc</load_address>
         <run_address>0x47dc</run_address>
         <size>0x7a</size>
         <input_file_ref idref="fl-f2"/>
      </object_component>
      <object_component id="oc-143">
         <name>.text</name>
         <load_address>0x4856</load_address>
         <run_address>0x4856</run_address>
         <size>0x7a</size>
         <input_file_ref idref="fl-d9"/>
      </object_component>
      <object_component id="oc-4d6">
         <name>.text:_mcpy</name>
         <load_address>0x48d0</load_address>
         <run_address>0x48d0</run_address>
         <size>0x6e</size>
         <input_file_ref idref="fl-d8"/>
      </object_component>
      <object_component id="oc-ce">
         <name>.text:IntDisable</name>
         <load_address>0x4940</load_address>
         <run_address>0x4940</run_address>
         <size>0x68</size>
         <input_file_ref idref="fl-f5"/>
      </object_component>
      <object_component id="oc-b6">
         <name>.text:IntEnable</name>
         <load_address>0x49a8</load_address>
         <run_address>0x49a8</run_address>
         <size>0x68</size>
         <input_file_ref idref="fl-f5"/>
      </object_component>
      <object_component id="oc-15">
         <name>.text:decompress:lzss:__TI_decompress_lzss</name>
         <load_address>0x4a10</load_address>
         <run_address>0x4a10</run_address>
         <size>0x68</size>
         <input_file_ref idref="fl-d5"/>
      </object_component>
      <object_component id="oc-4eb">
         <name>.text:frexp</name>
         <load_address>0x4a78</load_address>
         <run_address>0x4a78</run_address>
         <size>0x64</size>
         <input_file_ref idref="fl-ed"/>
      </object_component>
      <object_component id="oc-109">
         <name>.text:TimerConfigure</name>
         <load_address>0x4adc</load_address>
         <run_address>0x4adc</run_address>
         <size>0x60</size>
         <input_file_ref idref="fl-f9"/>
      </object_component>
      <object_component id="oc-467">
         <name>.text:_pconv_f</name>
         <load_address>0x4b3c</load_address>
         <run_address>0x4b3c</run_address>
         <size>0x56</size>
         <input_file_ref idref="fl-d8"/>
      </object_component>
      <object_component id="oc-4c0">
         <name>.text:__TI_ltoa</name>
         <load_address>0x4b92</load_address>
         <run_address>0x4b92</run_address>
         <size>0x54</size>
         <input_file_ref idref="fl-e6"/>
      </object_component>
      <object_component id="oc-4d0">
         <name>.text:_ecpy</name>
         <load_address>0x4be6</load_address>
         <run_address>0x4be6</run_address>
         <size>0x52</size>
         <input_file_ref idref="fl-d8"/>
      </object_component>
      <object_component id="oc-325">
         <name>.text:ADCSequenceConfigure</name>
         <load_address>0x4c38</load_address>
         <run_address>0x4c38</run_address>
         <size>0x4e</size>
         <input_file_ref idref="fl-f2"/>
      </object_component>
      <object_component id="oc-86">
         <name>.text:GPIOPinConfigure</name>
         <load_address>0x4c88</load_address>
         <run_address>0x4c88</run_address>
         <size>0x4c</size>
         <input_file_ref idref="fl-f3"/>
      </object_component>
      <object_component id="oc-296">
         <name>.text:I2CMasterInitExpClk</name>
         <load_address>0x4cd4</load_address>
         <run_address>0x4cd4</run_address>
         <size>0x4c</size>
         <input_file_ref idref="fl-f4"/>
      </object_component>
      <object_component id="oc-450">
         <name>.text:atoi</name>
         <load_address>0x4d20</load_address>
         <run_address>0x4d20</run_address>
         <size>0x4c</size>
         <input_file_ref idref="fl-e8"/>
      </object_component>
      <object_component id="oc-273">
         <name>.text</name>
         <load_address>0x4d6c</load_address>
         <run_address>0x4d6c</run_address>
         <size>0x48</size>
         <input_file_ref idref="fl-a"/>
      </object_component>
      <object_component id="oc-257">
         <name>.text:_SysCtlFrequencyGet</name>
         <load_address>0x4db4</load_address>
         <run_address>0x4db4</run_address>
         <size>0x48</size>
         <input_file_ref idref="fl-f8"/>
      </object_component>
      <object_component id="oc-4bb">
         <name>.text</name>
         <load_address>0x4dfc</load_address>
         <run_address>0x4dfc</run_address>
         <size>0x48</size>
         <input_file_ref idref="fl-de"/>
      </object_component>
      <object_component id="oc-1f0">
         <name>.text:__TI_auto_init_nobinit_nopinit:__TI_auto_init_nobinit_nopinit</name>
         <load_address>0x4e44</load_address>
         <run_address>0x4e44</run_address>
         <size>0x44</size>
         <input_file_ref idref="fl-e1"/>
      </object_component>
      <object_component id="oc-30e">
         <name>.text:sprintf</name>
         <load_address>0x4e88</load_address>
         <run_address>0x4e88</run_address>
         <size>0x40</size>
         <input_file_ref idref="fl-d1"/>
      </object_component>
      <object_component id="oc-4e3">
         <name>.text:_fcpy</name>
         <load_address>0x4ec8</load_address>
         <run_address>0x4ec8</run_address>
         <size>0x3e</size>
         <input_file_ref idref="fl-d8"/>
      </object_component>
      <object_component id="oc-3aa">
         <name>.text:SSIConfigSetExpClk</name>
         <load_address>0x4f06</load_address>
         <run_address>0x4f06</run_address>
         <size>0x3c</size>
         <input_file_ref idref="fl-f7"/>
      </object_component>
      <object_component id="oc-80">
         <name>.text:SysCtlPeripheralReady</name>
         <load_address>0x4f44</load_address>
         <run_address>0x4f44</run_address>
         <size>0x38</size>
         <input_file_ref idref="fl-f8"/>
      </object_component>
      <object_component id="oc-7a">
         <name>.text:SysCtlPeripheralEnable</name>
         <load_address>0x4f7c</load_address>
         <run_address>0x4f7c</run_address>
         <size>0x34</size>
         <input_file_ref idref="fl-f8"/>
      </object_component>
      <object_component id="oc-65">
         <name>.text:_c_int00_noargs:_c_int00_noargs</name>
         <load_address>0x4fb0</load_address>
         <run_address>0x4fb0</run_address>
         <size>0x34</size>
         <input_file_ref idref="fl-d7"/>
      </object_component>
      <object_component id="oc-343">
         <name>.text:ADCIntStatus</name>
         <load_address>0x4fe4</load_address>
         <run_address>0x4fe4</run_address>
         <size>0x2e</size>
         <input_file_ref idref="fl-f2"/>
      </object_component>
      <object_component id="oc-4c6">
         <name>.text</name>
         <load_address>0x5012</load_address>
         <run_address>0x5012</run_address>
         <size>0x2e</size>
         <input_file_ref idref="fl-df"/>
      </object_component>
      <object_component id="oc-3e2">
         <name>.text:CFAF128128B0145T__setCS</name>
         <load_address>0x5040</load_address>
         <run_address>0x5040</run_address>
         <size>0x2c</size>
         <input_file_ref idref="fl-4"/>
      </object_component>
      <object_component id="oc-3db">
         <name>.text:CFAF128128B0145T__setRS</name>
         <load_address>0x506c</load_address>
         <run_address>0x506c</run_address>
         <size>0x2c</size>
         <input_file_ref idref="fl-4"/>
      </object_component>
      <object_component id="oc-3bc">
         <name>.text:CFAF128128B0145T__setRST</name>
         <load_address>0x5098</load_address>
         <run_address>0x5098</run_address>
         <size>0x2c</size>
         <input_file_ref idref="fl-4"/>
      </object_component>
      <object_component id="oc-16e">
         <name>.text:GPIODirModeSet</name>
         <load_address>0x50c4</load_address>
         <run_address>0x50c4</run_address>
         <size>0x2c</size>
         <input_file_ref idref="fl-f3"/>
      </object_component>
      <object_component id="oc-fd">
         <name>.text:IntPrioritySet</name>
         <load_address>0x50f0</load_address>
         <run_address>0x50f0</run_address>
         <size>0x24</size>
         <input_file_ref idref="fl-f5"/>
      </object_component>
      <object_component id="oc-98">
         <name>.text:PWMGenConfigure</name>
         <load_address>0x5114</load_address>
         <run_address>0x5114</run_address>
         <size>0x22</size>
         <input_file_ref idref="fl-f6"/>
      </object_component>
      <object_component id="oc-251">
         <name>.text:_SysCtlMemTimingGet</name>
         <load_address>0x5138</load_address>
         <run_address>0x5138</run_address>
         <size>0x20</size>
         <input_file_ref idref="fl-f8"/>
      </object_component>
      <object_component id="oc-349">
         <name>.text:ADCSequenceDataGet</name>
         <load_address>0x5158</load_address>
         <run_address>0x5158</run_address>
         <size>0x1e</size>
         <input_file_ref idref="fl-f2"/>
      </object_component>
      <object_component id="oc-a4">
         <name>.text:PWMPulseWidthSet</name>
         <load_address>0x5176</load_address>
         <run_address>0x5176</run_address>
         <size>0x1e</size>
         <input_file_ref idref="fl-f6"/>
      </object_component>
      <object_component id="oc-53">
         <name>.text:decompress:ZI:__TI_zero_init_nomemset:__TI_zero_init_nomemset</name>
         <load_address>0x5194</load_address>
         <run_address>0x5194</run_address>
         <size>0x1c</size>
         <input_file_ref idref="fl-d3"/>
      </object_component>
      <object_component id="oc-479">
         <name>.text:memccpy</name>
         <load_address>0x51b0</load_address>
         <run_address>0x51b0</run_address>
         <size>0x1c</size>
         <input_file_ref idref="fl-ea"/>
      </object_component>
      <object_component id="oc-26d">
         <name>.text:GPIOPinTypeGPIOOutput</name>
         <load_address>0x51cc</load_address>
         <run_address>0x51cc</run_address>
         <size>0x1a</size>
         <input_file_ref idref="fl-f3"/>
      </object_component>
      <object_component id="oc-53b">
         <name>.text:copysign</name>
         <load_address>0x51e6</load_address>
         <run_address>0x51e6</run_address>
         <size>0x1a</size>
         <input_file_ref idref="fl-f1"/>
      </object_component>
      <object_component id="oc-33d">
         <name>.text:ADCProcessorTrigger</name>
         <load_address>0x5200</load_address>
         <run_address>0x5200</run_address>
         <size>0x18</size>
         <input_file_ref idref="fl-f2"/>
      </object_component>
      <object_component id="oc-3fc">
         <name>.text:_outs</name>
         <load_address>0x5218</load_address>
         <run_address>0x5218</run_address>
         <size>0x18</size>
         <input_file_ref idref="fl-d1"/>
      </object_component>
      <object_component id="oc-31f">
         <name>.text:GPIOPinTypeADC</name>
         <load_address>0x5230</load_address>
         <run_address>0x5230</run_address>
         <size>0x16</size>
         <input_file_ref idref="fl-f3"/>
      </object_component>
      <object_component id="oc-28a">
         <name>.text:GPIOPinTypeI2C</name>
         <load_address>0x5246</load_address>
         <run_address>0x5246</run_address>
         <size>0x16</size>
         <input_file_ref idref="fl-f3"/>
      </object_component>
      <object_component id="oc-284">
         <name>.text:GPIOPinTypeI2CSCL</name>
         <load_address>0x525c</load_address>
         <run_address>0x525c</run_address>
         <size>0x16</size>
         <input_file_ref idref="fl-f3"/>
      </object_component>
      <object_component id="oc-8c">
         <name>.text:GPIOPinTypePWM</name>
         <load_address>0x5272</load_address>
         <run_address>0x5272</run_address>
         <size>0x16</size>
         <input_file_ref idref="fl-f3"/>
      </object_component>
      <object_component id="oc-3a4">
         <name>.text:GPIOPinTypeSSI</name>
         <load_address>0x5288</load_address>
         <run_address>0x5288</run_address>
         <size>0x16</size>
         <input_file_ref idref="fl-f3"/>
      </object_component>
      <object_component id="oc-4f7">
         <name>.text:strchr</name>
         <load_address>0x529e</load_address>
         <run_address>0x529e</run_address>
         <size>0x16</size>
         <input_file_ref idref="fl-eb"/>
      </object_component>
      <object_component id="oc-92">
         <name>.text:PWMClockSet</name>
         <load_address>0x52b4</load_address>
         <run_address>0x52b4</run_address>
         <size>0x14</size>
         <input_file_ref idref="fl-f6"/>
      </object_component>
      <object_component id="oc-3d2">
         <name>.text:strlen</name>
         <load_address>0x52c8</load_address>
         <run_address>0x52c8</run_address>
         <size>0x14</size>
         <input_file_ref idref="fl-d6"/>
      </object_component>
      <object_component id="oc-bc">
         <name>.text:PWMOutputState</name>
         <load_address>0x52dc</load_address>
         <run_address>0x52dc</run_address>
         <size>0x12</size>
         <input_file_ref idref="fl-f6"/>
      </object_component>
      <object_component id="oc-3b6">
         <name>.text:SSIDataGetNonBlocking</name>
         <load_address>0x52ee</load_address>
         <run_address>0x52ee</run_address>
         <size>0x12</size>
         <input_file_ref idref="fl-f7"/>
      </object_component>
      <object_component id="oc-10f">
         <name>.text:TimerLoadSet</name>
         <load_address>0x5300</load_address>
         <run_address>0x5300</run_address>
         <size>0x12</size>
         <input_file_ref idref="fl-f9"/>
      </object_component>
      <object_component id="oc-47f">
         <name>.text:wcslen</name>
         <load_address>0x5312</load_address>
         <run_address>0x5312</run_address>
         <size>0x12</size>
         <input_file_ref idref="fl-ef"/>
      </object_component>
      <object_component id="oc-29c">
         <name>.text:I2CSlaveEnable</name>
         <load_address>0x5324</load_address>
         <run_address>0x5324</run_address>
         <size>0x10</size>
         <input_file_ref idref="fl-f4"/>
      </object_component>
      <object_component id="oc-f7">
         <name>.text:IntMasterEnable</name>
         <load_address>0x5334</load_address>
         <run_address>0x5334</run_address>
         <size>0x10</size>
         <input_file_ref idref="fl-f5"/>
      </object_component>
      <object_component id="oc-9e">
         <name>.text:PWMGenPeriodSet</name>
         <load_address>0x5344</load_address>
         <run_address>0x5344</run_address>
         <size>0x10</size>
         <input_file_ref idref="fl-f6"/>
      </object_component>
      <object_component id="oc-355">
         <name>.text:ADCIntDisable</name>
         <load_address>0x5354</load_address>
         <run_address>0x5354</run_address>
         <size>0xe</size>
         <input_file_ref idref="fl-f2"/>
      </object_component>
      <object_component id="oc-34f">
         <name>.text:ADCSequenceDisable</name>
         <load_address>0x5362</load_address>
         <run_address>0x5362</run_address>
         <size>0xe</size>
         <input_file_ref idref="fl-f2"/>
      </object_component>
      <object_component id="oc-331">
         <name>.text:ADCSequenceEnable</name>
         <load_address>0x5370</load_address>
         <run_address>0x5370</run_address>
         <size>0xe</size>
         <input_file_ref idref="fl-f2"/>
      </object_component>
      <object_component id="oc-2a2">
         <name>.text:I2CSlaveInit</name>
         <load_address>0x537e</load_address>
         <run_address>0x537e</run_address>
         <size>0xe</size>
         <input_file_ref idref="fl-f4"/>
      </object_component>
      <object_component id="oc-115">
         <name>.text:TimerEnable</name>
         <load_address>0x538c</load_address>
         <run_address>0x538c</run_address>
         <size>0xe</size>
         <input_file_ref idref="fl-f9"/>
      </object_component>
      <object_component id="oc-1b">
         <name>.text:decompress:none:__TI_decompress_none</name>
         <load_address>0x539a</load_address>
         <run_address>0x539a</run_address>
         <size>0xe</size>
         <input_file_ref idref="fl-d4"/>
      </object_component>
      <object_component id="oc-1a0">
         <name>.text:CPUcpsie</name>
         <load_address>0x53a8</load_address>
         <run_address>0x53a8</run_address>
         <size>0xc</size>
         <input_file_ref idref="fl-fb"/>
      </object_component>
      <object_component id="oc-c8">
         <name>.text:PWMGenDisable</name>
         <load_address>0x53b4</load_address>
         <run_address>0x53b4</run_address>
         <size>0xc</size>
         <input_file_ref idref="fl-f6"/>
      </object_component>
      <object_component id="oc-c2">
         <name>.text:PWMGenEnable</name>
         <load_address>0x53c0</load_address>
         <run_address>0x53c0</run_address>
         <size>0xc</size>
         <input_file_ref idref="fl-f6"/>
      </object_component>
      <object_component id="oc-27">
         <name>.text</name>
         <load_address>0x53cc</load_address>
         <run_address>0x53cc</run_address>
         <size>0xc</size>
         <input_file_ref idref="fl-3"/>
      </object_component>
      <object_component id="oc-337">
         <name>.text:ADCIntClear</name>
         <load_address>0x53d8</load_address>
         <run_address>0x53d8</run_address>
         <size>0xa</size>
         <input_file_ref idref="fl-f2"/>
      </object_component>
      <object_component id="oc-290">
         <name>.text:I2CLoopbackEnable</name>
         <load_address>0x53e2</load_address>
         <run_address>0x53e2</run_address>
         <size>0xa</size>
         <input_file_ref idref="fl-f4"/>
      </object_component>
      <object_component id="oc-366">
         <name>.text:I2CMasterEnable</name>
         <load_address>0x53ec</load_address>
         <run_address>0x53ec</run_address>
         <size>0xa</size>
         <input_file_ref idref="fl-f4"/>
      </object_component>
      <object_component id="oc-d4">
         <name>.text:PWMGenIntTrigDisable</name>
         <load_address>0x53f6</load_address>
         <run_address>0x53f6</run_address>
         <size>0xa</size>
         <input_file_ref idref="fl-f6"/>
      </object_component>
      <object_component id="oc-b0">
         <name>.text:PWMGenIntTrigEnable</name>
         <load_address>0x5400</load_address>
         <run_address>0x5400</run_address>
         <size>0xa</size>
         <input_file_ref idref="fl-f6"/>
      </object_component>
      <object_component id="oc-da">
         <name>.text:PWMIntDisable</name>
         <load_address>0x540a</load_address>
         <run_address>0x540a</run_address>
         <size>0xa</size>
         <input_file_ref idref="fl-f6"/>
      </object_component>
      <object_component id="oc-3e9">
         <name>.text:SSIDataPut</name>
         <load_address>0x5414</load_address>
         <run_address>0x5414</run_address>
         <size>0xa</size>
         <input_file_ref idref="fl-f7"/>
      </object_component>
      <object_component id="oc-39e">
         <name>.text:SSIDisable</name>
         <load_address>0x541e</load_address>
         <run_address>0x541e</run_address>
         <size>0xa</size>
         <input_file_ref idref="fl-f7"/>
      </object_component>
      <object_component id="oc-3b0">
         <name>.text:SSIEnable</name>
         <load_address>0x5428</load_address>
         <run_address>0x5428</run_address>
         <size>0xa</size>
         <input_file_ref idref="fl-f7"/>
      </object_component>
      <object_component id="oc-402">
         <name>.text:_outc</name>
         <load_address>0x5432</load_address>
         <run_address>0x5432</run_address>
         <size>0xa</size>
         <input_file_ref idref="fl-d1"/>
      </object_component>
      <object_component id="oc-2c6">
         <name>.text:I2CMasterBusy</name>
         <load_address>0x543c</load_address>
         <run_address>0x543c</run_address>
         <size>0x8</size>
         <input_file_ref idref="fl-f4"/>
      </object_component>
      <object_component id="oc-2a8">
         <name>.text:I2CMasterSlaveAddrSet</name>
         <load_address>0x5444</load_address>
         <run_address>0x5444</run_address>
         <size>0x8</size>
         <input_file_ref idref="fl-f4"/>
      </object_component>
      <object_component id="oc-aa">
         <name>.text:PWMIntEnable</name>
         <load_address>0x544c</load_address>
         <run_address>0x544c</run_address>
         <size>0x8</size>
         <input_file_ref idref="fl-f6"/>
      </object_component>
      <object_component id="oc-3ef">
         <name>.text:SSIBusy</name>
         <load_address>0x5454</load_address>
         <run_address>0x5454</run_address>
         <size>0x8</size>
         <input_file_ref idref="fl-f7"/>
      </object_component>
      <object_component id="oc-103">
         <name>.text:TimerIntEnable</name>
         <load_address>0x545c</load_address>
         <run_address>0x545c</run_address>
         <size>0x8</size>
         <input_file_ref idref="fl-f9"/>
      </object_component>
      <object_component id="oc-485">
         <name>.text:__aeabi_errno_addr</name>
         <load_address>0x5464</load_address>
         <run_address>0x5464</run_address>
         <size>0x8</size>
         <input_file_ref idref="fl-ec"/>
      </object_component>
      <object_component id="oc-442">
         <name>.text:GPIOPinWrite</name>
         <load_address>0x546c</load_address>
         <run_address>0x546c</run_address>
         <size>0x6</size>
         <input_file_ref idref="fl-f3"/>
      </object_component>
      <object_component id="oc-2c0">
         <name>.text:I2CSlaveDataGet</name>
         <load_address>0x5472</load_address>
         <run_address>0x5472</run_address>
         <size>0x6</size>
         <input_file_ref idref="fl-f4"/>
      </object_component>
      <object_component id="oc-2cc">
         <name>.text:I2CSlaveDataPut</name>
         <load_address>0x5478</load_address>
         <run_address>0x5478</run_address>
         <size>0x6</size>
         <input_file_ref idref="fl-f4"/>
      </object_component>
      <object_component id="oc-2ba">
         <name>.text:I2CSlaveStatus</name>
         <load_address>0x547e</load_address>
         <run_address>0x547e</run_address>
         <size>0x6</size>
         <input_file_ref idref="fl-f4"/>
      </object_component>
      <object_component id="oc-e0">
         <name>.text:PWMGenIntClear</name>
         <load_address>0x5484</load_address>
         <run_address>0x5484</run_address>
         <size>0x6</size>
         <input_file_ref idref="fl-f6"/>
      </object_component>
      <object_component id="oc-317">
         <name>.text:SysCtlDelay</name>
         <load_address>0x548a</load_address>
         <run_address>0x548a</run_address>
         <size>0x6</size>
         <input_file_ref idref="fl-f8"/>
      </object_component>
      <object_component id="oc-2b4">
         <name>.text:I2CMasterControl</name>
         <load_address>0x5490</load_address>
         <run_address>0x5490</run_address>
         <size>0x4</size>
         <input_file_ref idref="fl-f4"/>
      </object_component>
      <object_component id="oc-2d2">
         <name>.text:I2CMasterDataGet</name>
         <load_address>0x5494</load_address>
         <run_address>0x5494</run_address>
         <size>0x4</size>
         <input_file_ref idref="fl-f4"/>
      </object_component>
      <object_component id="oc-2ae">
         <name>.text:I2CMasterDataPut</name>
         <load_address>0x5498</load_address>
         <run_address>0x5498</run_address>
         <size>0x4</size>
         <input_file_ref idref="fl-f4"/>
      </object_component>
      <object_component id="oc-11b">
         <name>.text:TimerIntClear</name>
         <load_address>0x549c</load_address>
         <run_address>0x549c</run_address>
         <size>0x4</size>
         <input_file_ref idref="fl-f9"/>
      </object_component>
      <object_component id="oc-149">
         <name>.text:_system_pre_init</name>
         <load_address>0x54a0</load_address>
         <run_address>0x54a0</run_address>
         <size>0x4</size>
         <input_file_ref idref="fl-e2"/>
      </object_component>
      <object_component id="oc-1e4">
         <name>.text:abort:abort</name>
         <load_address>0x54a4</load_address>
         <run_address>0x54a4</run_address>
         <size>0x4</size>
         <input_file_ref idref="fl-e4"/>
      </object_component>
      <object_component id="oc-3d8">
         <name>.const:CFAF128128B0145T__font6x8</name>
         <load_address>0x54a8</load_address>
         <run_address>0x54a8</run_address>
         <size>0x540</size>
         <input_file_ref idref="fl-4"/>
      </object_component>
      <object_component id="oc-260">
         <name>.const:g_pppui32XTALtoVCO</name>
         <load_address>0x59e8</load_address>
         <run_address>0x59e8</run_address>
         <size>0x1b0</size>
         <input_file_ref idref="fl-f8"/>
      </object_component>
      <object_component id="oc-4a0">
         <name>.const:.string:_ctypes_</name>
         <load_address>0x5b98</load_address>
         <run_address>0x5b98</run_address>
         <size>0x101</size>
         <input_file_ref idref="fl-e9"/>
      </object_component>
      <object_component id="oc-1a7">
         <name>.const:g_pui32Regs</name>
         <load_address>0x5c9c</load_address>
         <run_address>0x5c9c</run_address>
         <size>0x9c</size>
         <input_file_ref idref="fl-f5"/>
      </object_component>
      <object_component id="oc-169">
         <name>.const:g_pui32GPIOBaseAddrs</name>
         <load_address>0x5d38</load_address>
         <run_address>0x5d38</run_address>
         <size>0x90</size>
         <input_file_ref idref="fl-f3"/>
      </object_component>
      <object_component id="oc-25d">
         <name>.const:g_pui32Xtals</name>
         <load_address>0x5dc8</load_address>
         <run_address>0x5dc8</run_address>
         <size>0x6c</size>
         <input_file_ref idref="fl-f8"/>
      </object_component>
      <object_component id="oc-e6">
         <name>.const:pwmInfo</name>
         <load_address>0x5e34</load_address>
         <run_address>0x5e34</run_address>
         <size>0x60</size>
         <input_file_ref idref="fl-11"/>
      </object_component>
      <object_component id="oc-35b">
         <name>.const:adcInfo</name>
         <load_address>0x5e94</load_address>
         <run_address>0x5e94</run_address>
         <size>0x48</size>
         <input_file_ref idref="fl-5"/>
      </object_component>
      <object_component id="oc-2fd">
         <name>.const:g_sXTALtoMEMTIM</name>
         <load_address>0x5edc</load_address>
         <run_address>0x5edc</run_address>
         <size>0x30</size>
         <input_file_ref idref="fl-f8"/>
      </object_component>
      <object_component id="oc-18a">
         <name>.const:g_pui32Dii16Regs</name>
         <load_address>0x5f0c</load_address>
         <run_address>0x5f0c</run_address>
         <size>0x14</size>
         <input_file_ref idref="fl-f5"/>
      </object_component>
      <object_component id="oc-182">
         <name>.const:g_pui32EnRegs</name>
         <load_address>0x5f20</load_address>
         <run_address>0x5f20</run_address>
         <size>0x14</size>
         <input_file_ref idref="fl-f5"/>
      </object_component>
      <object_component id="oc-263">
         <name>.const:g_pui32VCOFrequencies</name>
         <load_address>0x5f34</load_address>
         <run_address>0x5f34</run_address>
         <size>0x8</size>
         <input_file_ref idref="fl-f8"/>
      </object_component>
      <object_component id="oc-591">
         <name>__TI_handler_table</name>
         <load_address>0x5f40</load_address>
         <run_address>0x5f40</run_address>
         <size>0xc</size>
      </object_component>
      <object_component id="oc-594">
         <name>.cinit..bss.load</name>
         <load_address>0x5f50</load_address>
         <run_address>0x5f50</run_address>
         <size>0x8</size>
      </object_component>
      <object_component id="oc-593">
         <name>.cinit..data.load</name>
         <load_address>0x5f58</load_address>
         <run_address>0x5f58</run_address>
         <size>0x7</size>
      </object_component>
      <object_component id="oc-592">
         <name>__TI_cinit_table</name>
         <load_address>0x5f60</load_address>
         <run_address>0x5f60</run_address>
         <size>0x10</size>
      </object_component>
      <object_component id="oc-1d3">
         <name>.data</name>
         <load_address>0x2000026c</load_address>
         <run_address>0x2000026c</run_address>
         <size>0x4</size>
         <input_file_ref idref="fl-2"/>
      </object_component>
      <object_component id="oc-507">
         <name>.data</name>
         <load_address>0x20000270</load_address>
         <run_address>0x20000270</run_address>
         <size>0x4</size>
         <input_file_ref idref="fl-ec"/>
      </object_component>
      <object_component id="oc-27f">
         <name>.common:timer0</name>
         <uninitialized>true</uninitialized>
         <run_address>0x20000200</run_address>
         <size>0x14</size>
      </object_component>
      <object_component id="oc-282">
         <name>.common:timer1</name>
         <uninitialized>true</uninitialized>
         <run_address>0x20000214</run_address>
         <size>0x14</size>
      </object_component>
      <object_component id="oc-e9">
         <name>.common:g_ui32SysClock</name>
         <uninitialized>true</uninitialized>
         <run_address>0x20000258</run_address>
         <size>0x4</size>
      </object_component>
      <object_component id="oc-1d7">
         <name>.common:Baseline_Upper_Limit</name>
         <uninitialized>true</uninitialized>
         <run_address>0x2000022c</run_address>
         <size>0x4</size>
      </object_component>
      <object_component id="oc-1dd">
         <name>.common:Baseline_Lower_Limit</name>
         <uninitialized>true</uninitialized>
         <run_address>0x20000228</run_address>
         <size>0x4</size>
      </object_component>
      <object_component id="oc-1d8">
         <name>.common:DAC_IRLed_intensity</name>
         <uninitialized>true</uninitialized>
         <run_address>0x20000250</run_address>
         <size>0x4</size>
      </object_component>
      <object_component id="oc-1df">
         <name>.common:DAC_RedLed_intensity</name>
         <uninitialized>true</uninitialized>
         <run_address>0x20000254</run_address>
         <size>0x4</size>
      </object_component>
      <object_component id="oc-1d6">
         <name>.common:CH0_ADRES_IR</name>
         <uninitialized>true</uninitialized>
         <run_address>0x20000248</run_address>
         <size>0x4</size>
      </object_component>
      <object_component id="oc-1de">
         <name>.common:CH0_ADRES_Red</name>
         <uninitialized>true</uninitialized>
         <run_address>0x2000024c</run_address>
         <size>0x4</size>
      </object_component>
      <object_component id="oc-1db">
         <name>.common:FirstByte</name>
         <uninitialized>true</uninitialized>
         <run_address>0x20000263</run_address>
         <size>0x1</size>
      </object_component>
      <object_component id="oc-1dc">
         <name>.common:SecondByte_MultiWrite_A</name>
         <uninitialized>true</uninitialized>
         <run_address>0x20000266</run_address>
         <size>0x1</size>
      </object_component>
      <object_component id="oc-1d9">
         <name>.common:ThirdByte_A</name>
         <uninitialized>true</uninitialized>
         <run_address>0x20000268</run_address>
         <size>0x1</size>
      </object_component>
      <object_component id="oc-1da">
         <name>.common:FourthByte_A</name>
         <uninitialized>true</uninitialized>
         <run_address>0x20000264</run_address>
         <size>0x1</size>
      </object_component>
      <object_component id="oc-1e2">
         <name>.common:SecondByte_MultiWrite_B</name>
         <uninitialized>true</uninitialized>
         <run_address>0x20000267</run_address>
         <size>0x1</size>
      </object_component>
      <object_component id="oc-1e0">
         <name>.common:ThirdByte_B</name>
         <uninitialized>true</uninitialized>
         <run_address>0x20000269</run_address>
         <size>0x1</size>
      </object_component>
      <object_component id="oc-1e1">
         <name>.common:FourthByte_B</name>
         <uninitialized>true</uninitialized>
         <run_address>0x20000265</run_address>
         <size>0x1</size>
      </object_component>
      <object_component id="oc-3c3">
         <name>.common:CFAF128128B0145T__boosterPack</name>
         <uninitialized>true</uninitialized>
         <run_address>0x2000025c</run_address>
         <size>0x1</size>
      </object_component>
      <object_component id="oc-3c6">
         <name>.common:CFAF128128B0145T__sysClock</name>
         <uninitialized>true</uninitialized>
         <run_address>0x20000244</run_address>
         <size>0x4</size>
      </object_component>
      <object_component id="oc-3c7">
         <name>.common:CFAF128128B0145T__spiClock</name>
         <uninitialized>true</uninitialized>
         <run_address>0x2000023c</run_address>
         <size>0x4</size>
      </object_component>
      <object_component id="oc-3c8">
         <name>.common:CFAF128128B0145T__spiDevice</name>
         <uninitialized>true</uninitialized>
         <run_address>0x20000240</run_address>
         <size>0x4</size>
      </object_component>
      <object_component id="oc-3cd">
         <name>.common:CFAF128128B0145T__csPort</name>
         <uninitialized>true</uninitialized>
         <run_address>0x20000230</run_address>
         <size>0x4</size>
      </object_component>
      <object_component id="oc-3ce">
         <name>.common:CFAF128128B0145T__csPin</name>
         <uninitialized>true</uninitialized>
         <run_address>0x2000025d</run_address>
         <size>0x1</size>
      </object_component>
      <object_component id="oc-3c9">
         <name>.common:CFAF128128B0145T__rstPort</name>
         <uninitialized>true</uninitialized>
         <run_address>0x20000238</run_address>
         <size>0x4</size>
      </object_component>
      <object_component id="oc-3ca">
         <name>.common:CFAF128128B0145T__rstPin</name>
         <uninitialized>true</uninitialized>
         <run_address>0x20000262</run_address>
         <size>0x1</size>
      </object_component>
      <object_component id="oc-3cb">
         <name>.common:CFAF128128B0145T__rsPort</name>
         <uninitialized>true</uninitialized>
         <run_address>0x20000234</run_address>
         <size>0x4</size>
      </object_component>
      <object_component id="oc-3cc">
         <name>.common:CFAF128128B0145T__rsPin</name>
         <uninitialized>true</uninitialized>
         <run_address>0x20000261</run_address>
         <size>0x1</size>
      </object_component>
      <object_component id="oc-3cf">
         <name>.common:CFAF128128B0145T__orientation</name>
         <uninitialized>true</uninitialized>
         <run_address>0x2000025f</run_address>
         <size>0x1</size>
      </object_component>
      <object_component id="oc-3d0">
         <name>.common:CFAF128128B0145T__penSolid</name>
         <uninitialized>true</uninitialized>
         <run_address>0x20000260</run_address>
         <size>0x1</size>
      </object_component>
      <object_component id="oc-3d1">
         <name>.common:CFAF128128B0145T__fontSolid</name>
         <uninitialized>true</uninitialized>
         <run_address>0x2000025e</run_address>
         <size>0x1</size>
      </object_component>
      <object_component id="oc-24">
         <name>.stack</name>
         <uninitialized>true</uninitialized>
         <run_address>0x20000000</run_address>
         <size>0x4</size>
         <input_file_ref idref="fl-d7"/>
      </object_component>
      <object_component id="oc-596">
         <name>.stack</name>
         <uninitialized>true</uninitialized>
         <run_address>0x20000000</run_address>
         <size>0x0</size>
      </object_component>
      <object_component id="oc-ea">
         <name>.debug_info</name>
         <load_address>0x0</load_address>
         <run_address>0x0</run_address>
         <size>0x699</size>
         <input_file_ref idref="fl-2"/>
      </object_component>
      <object_component id="oc-1d4">
         <name>.debug_info</name>
         <load_address>0x699</load_address>
         <run_address>0x699</run_address>
         <size>0x12b</size>
         <input_file_ref idref="fl-2"/>
      </object_component>
      <object_component id="oc-150">
         <name>.debug_info</name>
         <load_address>0x7c4</load_address>
         <run_address>0x7c4</run_address>
         <size>0x22a</size>
         <input_file_ref idref="fl-2"/>
      </object_component>
      <object_component id="oc-122">
         <name>.debug_info</name>
         <load_address>0x9ee</load_address>
         <run_address>0x9ee</run_address>
         <size>0x9a</size>
         <input_file_ref idref="fl-2"/>
      </object_component>
      <object_component id="oc-196">
         <name>.debug_info</name>
         <load_address>0xa88</load_address>
         <run_address>0xa88</run_address>
         <size>0xb4</size>
         <input_file_ref idref="fl-2"/>
      </object_component>
      <object_component id="oc-129">
         <name>.debug_info</name>
         <load_address>0xb3c</load_address>
         <run_address>0xb3c</run_address>
         <size>0x26b</size>
         <input_file_ref idref="fl-2"/>
      </object_component>
      <object_component id="oc-425">
         <name>.debug_info</name>
         <load_address>0xda7</load_address>
         <run_address>0xda7</run_address>
         <size>0xea</size>
         <input_file_ref idref="fl-2"/>
      </object_component>
      <object_component id="oc-411">
         <name>.debug_info</name>
         <load_address>0xe91</load_address>
         <run_address>0xe91</run_address>
         <size>0x86</size>
         <input_file_ref idref="fl-2"/>
      </object_component>
      <object_component id="oc-247">
         <name>.debug_info</name>
         <load_address>0xf17</load_address>
         <run_address>0xf17</run_address>
         <size>0xd6</size>
         <input_file_ref idref="fl-2"/>
      </object_component>
      <object_component id="oc-42">
         <name>.debug_info</name>
         <load_address>0xfed</load_address>
         <run_address>0xfed</run_address>
         <size>0x84</size>
         <input_file_ref idref="fl-2"/>
      </object_component>
      <object_component id="oc-19b">
         <name>.debug_info</name>
         <load_address>0x1071</load_address>
         <run_address>0x1071</run_address>
         <size>0x2a4</size>
         <input_file_ref idref="fl-2"/>
      </object_component>
      <object_component id="oc-f2">
         <name>.debug_info</name>
         <load_address>0x1315</load_address>
         <run_address>0x1315</run_address>
         <size>0xbb</size>
         <input_file_ref idref="fl-2"/>
      </object_component>
      <object_component id="oc-3b">
         <name>.debug_info</name>
         <load_address>0x13d0</load_address>
         <run_address>0x13d0</run_address>
         <size>0x350</size>
         <input_file_ref idref="fl-3"/>
      </object_component>
      <object_component id="oc-13">
         <name>.debug_info</name>
         <load_address>0x1720</load_address>
         <run_address>0x1720</run_address>
         <size>0xe7</size>
         <input_file_ref idref="fl-3"/>
      </object_component>
      <object_component id="oc-28">
         <name>.debug_info</name>
         <load_address>0x1807</load_address>
         <run_address>0x1807</run_address>
         <size>0x266</size>
         <input_file_ref idref="fl-3"/>
      </object_component>
      <object_component id="oc-3c4">
         <name>.debug_info</name>
         <load_address>0x1a6d</load_address>
         <run_address>0x1a6d</run_address>
         <size>0x900</size>
         <input_file_ref idref="fl-4"/>
      </object_component>
      <object_component id="oc-3d9">
         <name>.debug_info</name>
         <load_address>0x236d</load_address>
         <run_address>0x236d</run_address>
         <size>0x10c</size>
         <input_file_ref idref="fl-4"/>
      </object_component>
      <object_component id="oc-3be">
         <name>.debug_info</name>
         <load_address>0x2479</load_address>
         <run_address>0x2479</run_address>
         <size>0x1b0</size>
         <input_file_ref idref="fl-4"/>
      </object_component>
      <object_component id="oc-3dd">
         <name>.debug_info</name>
         <load_address>0x2629</load_address>
         <run_address>0x2629</run_address>
         <size>0x1ae</size>
         <input_file_ref idref="fl-4"/>
      </object_component>
      <object_component id="oc-3e4">
         <name>.debug_info</name>
         <load_address>0x27d7</load_address>
         <run_address>0x27d7</run_address>
         <size>0x1ae</size>
         <input_file_ref idref="fl-4"/>
      </object_component>
      <object_component id="oc-30c">
         <name>.debug_info</name>
         <load_address>0x2985</load_address>
         <run_address>0x2985</run_address>
         <size>0x36d7</size>
         <input_file_ref idref="fl-4"/>
      </object_component>
      <object_component id="oc-ed">
         <name>.debug_info</name>
         <load_address>0x605c</load_address>
         <run_address>0x605c</run_address>
         <size>0x8b</size>
         <input_file_ref idref="fl-4"/>
      </object_component>
      <object_component id="oc-1b8">
         <name>.debug_info</name>
         <load_address>0x60e7</load_address>
         <run_address>0x60e7</run_address>
         <size>0x2c</size>
         <input_file_ref idref="fl-4"/>
      </object_component>
      <object_component id="oc-35f">
         <name>.debug_info</name>
         <load_address>0x6113</load_address>
         <run_address>0x6113</run_address>
         <size>0x560</size>
         <input_file_ref idref="fl-5"/>
      </object_component>
      <object_component id="oc-35c">
         <name>.debug_info</name>
         <load_address>0x6673</load_address>
         <run_address>0x6673</run_address>
         <size>0xcd</size>
         <input_file_ref idref="fl-5"/>
      </object_component>
      <object_component id="oc-27a">
         <name>.debug_info</name>
         <load_address>0x6740</load_address>
         <run_address>0x6740</run_address>
         <size>0x6eb</size>
         <input_file_ref idref="fl-5"/>
      </object_component>
      <object_component id="oc-2d9">
         <name>.debug_info</name>
         <load_address>0x6e2b</load_address>
         <run_address>0x6e2b</run_address>
         <size>0x610</size>
         <input_file_ref idref="fl-9"/>
      </object_component>
      <object_component id="oc-1d0">
         <name>.debug_info</name>
         <load_address>0x743b</load_address>
         <run_address>0x743b</run_address>
         <size>0x66d</size>
         <input_file_ref idref="fl-9"/>
      </object_component>
      <object_component id="oc-276">
         <name>.debug_info</name>
         <load_address>0x7aa8</load_address>
         <run_address>0x7aa8</run_address>
         <size>0x2a1</size>
         <input_file_ref idref="fl-a"/>
      </object_component>
      <object_component id="oc-280">
         <name>.debug_info</name>
         <load_address>0x7d49</load_address>
         <run_address>0x7d49</run_address>
         <size>0x4e2</size>
         <input_file_ref idref="fl-d"/>
      </object_component>
      <object_component id="oc-1c8">
         <name>.debug_info</name>
         <load_address>0x822b</load_address>
         <run_address>0x822b</run_address>
         <size>0x4c2</size>
         <input_file_ref idref="fl-d"/>
      </object_component>
      <object_component id="oc-315">
         <name>.debug_info</name>
         <load_address>0x86ed</load_address>
         <run_address>0x86ed</run_address>
         <size>0x3a6</size>
         <input_file_ref idref="fl-e"/>
      </object_component>
      <object_component id="oc-268">
         <name>.debug_info</name>
         <load_address>0x8a93</load_address>
         <run_address>0x8a93</run_address>
         <size>0x8c7</size>
         <input_file_ref idref="fl-e"/>
      </object_component>
      <object_component id="oc-40a">
         <name>.debug_info</name>
         <load_address>0x935a</load_address>
         <run_address>0x935a</run_address>
         <size>0x2c</size>
         <input_file_ref idref="fl-e"/>
      </object_component>
      <object_component id="oc-193">
         <name>.debug_info</name>
         <load_address>0x9386</load_address>
         <run_address>0x9386</run_address>
         <size>0x662</size>
         <input_file_ref idref="fl-11"/>
      </object_component>
      <object_component id="oc-e7">
         <name>.debug_info</name>
         <load_address>0x99e8</load_address>
         <run_address>0x99e8</run_address>
         <size>0xcd</size>
         <input_file_ref idref="fl-11"/>
      </object_component>
      <object_component id="oc-2f">
         <name>.debug_info</name>
         <load_address>0x9ab5</load_address>
         <run_address>0x9ab5</run_address>
         <size>0x738</size>
         <input_file_ref idref="fl-11"/>
      </object_component>
      <object_component id="oc-35">
         <name>.debug_info</name>
         <load_address>0xa1ed</load_address>
         <run_address>0xa1ed</run_address>
         <size>0x3b6</size>
         <input_file_ref idref="fl-14"/>
      </object_component>
      <object_component id="oc-409">
         <name>.debug_info</name>
         <load_address>0xa5a3</load_address>
         <run_address>0xa5a3</run_address>
         <size>0x333</size>
         <input_file_ref idref="fl-d1"/>
      </object_component>
      <object_component id="oc-30f">
         <name>.debug_info</name>
         <load_address>0xa8d6</load_address>
         <run_address>0xa8d6</run_address>
         <size>0x1d1</size>
         <input_file_ref idref="fl-d1"/>
      </object_component>
      <object_component id="oc-3fd">
         <name>.debug_info</name>
         <load_address>0xaaa7</load_address>
         <run_address>0xaaa7</run_address>
         <size>0x18d</size>
         <input_file_ref idref="fl-d1"/>
      </object_component>
      <object_component id="oc-403">
         <name>.debug_info</name>
         <load_address>0xac34</load_address>
         <run_address>0xac34</run_address>
         <size>0x16d</size>
         <input_file_ref idref="fl-d1"/>
      </object_component>
      <object_component id="oc-50e">
         <name>.debug_info</name>
         <load_address>0xada1</load_address>
         <run_address>0xada1</run_address>
         <size>0x2c</size>
         <input_file_ref idref="fl-d1"/>
      </object_component>
      <object_component id="oc-4a">
         <name>.debug_info</name>
         <load_address>0xadcd</load_address>
         <run_address>0xadcd</run_address>
         <size>0x119</size>
         <input_file_ref idref="fl-d2"/>
      </object_component>
      <object_component id="oc-142">
         <name>.debug_info</name>
         <load_address>0xaee6</load_address>
         <run_address>0xaee6</run_address>
         <size>0x2d4</size>
         <input_file_ref idref="fl-d3"/>
      </object_component>
      <object_component id="oc-54">
         <name>.debug_info</name>
         <load_address>0xb1ba</load_address>
         <run_address>0xb1ba</run_address>
         <size>0x1d2</size>
         <input_file_ref idref="fl-d3"/>
      </object_component>
      <object_component id="oc-13d">
         <name>.debug_info</name>
         <load_address>0xb38c</load_address>
         <run_address>0xb38c</run_address>
         <size>0x46</size>
         <input_file_ref idref="fl-d3"/>
      </object_component>
      <object_component id="oc-52">
         <name>.debug_info</name>
         <load_address>0xb3d2</load_address>
         <run_address>0xb3d2</run_address>
         <size>0x2a8</size>
         <input_file_ref idref="fl-d4"/>
      </object_component>
      <object_component id="oc-1c">
         <name>.debug_info</name>
         <load_address>0xb67a</load_address>
         <run_address>0xb67a</run_address>
         <size>0x1ea</size>
         <input_file_ref idref="fl-d4"/>
      </object_component>
      <object_component id="oc-4d">
         <name>.debug_info</name>
         <load_address>0xb864</load_address>
         <run_address>0xb864</run_address>
         <size>0x46</size>
         <input_file_ref idref="fl-d4"/>
      </object_component>
      <object_component id="oc-135">
         <name>.debug_info</name>
         <load_address>0xb8aa</load_address>
         <run_address>0xb8aa</run_address>
         <size>0x2c</size>
         <input_file_ref idref="fl-d4"/>
      </object_component>
      <object_component id="oc-133">
         <name>.debug_info</name>
         <load_address>0xb8d6</load_address>
         <run_address>0xb8d6</run_address>
         <size>0x29e</size>
         <input_file_ref idref="fl-d5"/>
      </object_component>
      <object_component id="oc-18">
         <name>.debug_info</name>
         <load_address>0xbb74</load_address>
         <run_address>0xbb74</run_address>
         <size>0x250</size>
         <input_file_ref idref="fl-d5"/>
      </object_component>
      <object_component id="oc-3d">
         <name>.debug_info</name>
         <load_address>0xbdc4</load_address>
         <run_address>0xbdc4</run_address>
         <size>0x60</size>
         <input_file_ref idref="fl-d5"/>
      </object_component>
      <object_component id="oc-1b1">
         <name>.debug_info</name>
         <load_address>0xbe24</load_address>
         <run_address>0xbe24</run_address>
         <size>0x46</size>
         <input_file_ref idref="fl-d5"/>
      </object_component>
      <object_component id="oc-12e">
         <name>.debug_info</name>
         <load_address>0xbe6a</load_address>
         <run_address>0xbe6a</run_address>
         <size>0x39</size>
         <input_file_ref idref="fl-d5"/>
      </object_component>
      <object_component id="oc-44b">
         <name>.debug_info</name>
         <load_address>0xbea3</load_address>
         <run_address>0xbea3</run_address>
         <size>0x28f</size>
         <input_file_ref idref="fl-d6"/>
      </object_component>
      <object_component id="oc-3d5">
         <name>.debug_info</name>
         <load_address>0xc132</load_address>
         <run_address>0xc132</run_address>
         <size>0x245</size>
         <input_file_ref idref="fl-d6"/>
      </object_component>
      <object_component id="oc-25">
         <name>.debug_info</name>
         <load_address>0xc377</load_address>
         <run_address>0xc377</run_address>
         <size>0x10b</size>
         <input_file_ref idref="fl-d7"/>
      </object_component>
      <object_component id="oc-69">
         <name>.debug_info</name>
         <load_address>0xc482</load_address>
         <run_address>0xc482</run_address>
         <size>0x1a9</size>
         <input_file_ref idref="fl-d7"/>
      </object_component>
      <object_component id="oc-48c">
         <name>.debug_info</name>
         <load_address>0xc62b</load_address>
         <run_address>0xc62b</run_address>
         <size>0x590</size>
         <input_file_ref idref="fl-d8"/>
      </object_component>
      <object_component id="oc-459">
         <name>.debug_info</name>
         <load_address>0xcbbb</load_address>
         <run_address>0xcbbb</run_address>
         <size>0x21e</size>
         <input_file_ref idref="fl-d8"/>
      </object_component>
      <object_component id="oc-4d3">
         <name>.debug_info</name>
         <load_address>0xcdd9</load_address>
         <run_address>0xcdd9</run_address>
         <size>0x1b3</size>
         <input_file_ref idref="fl-d8"/>
      </object_component>
      <object_component id="oc-4d9">
         <name>.debug_info</name>
         <load_address>0xcf8c</load_address>
         <run_address>0xcf8c</run_address>
         <size>0x21b</size>
         <input_file_ref idref="fl-d8"/>
      </object_component>
      <object_component id="oc-464">
         <name>.debug_info</name>
         <load_address>0xd1a7</load_address>
         <run_address>0xd1a7</run_address>
         <size>0x3c0</size>
         <input_file_ref idref="fl-d8"/>
      </object_component>
      <object_component id="oc-4e0">
         <name>.debug_info</name>
         <load_address>0xd567</load_address>
         <run_address>0xd567</run_address>
         <size>0x30a</size>
         <input_file_ref idref="fl-d8"/>
      </object_component>
      <object_component id="oc-4e6">
         <name>.debug_info</name>
         <load_address>0xd871</load_address>
         <run_address>0xd871</run_address>
         <size>0x215</size>
         <input_file_ref idref="fl-d8"/>
      </object_component>
      <object_component id="oc-46a">
         <name>.debug_info</name>
         <load_address>0xda86</load_address>
         <run_address>0xda86</run_address>
         <size>0x215</size>
         <input_file_ref idref="fl-d8"/>
      </object_component>
      <object_component id="oc-470">
         <name>.debug_info</name>
         <load_address>0xdc9b</load_address>
         <run_address>0xdc9b</run_address>
         <size>0x304</size>
         <input_file_ref idref="fl-d8"/>
      </object_component>
      <object_component id="oc-476">
         <name>.debug_info</name>
         <load_address>0xdf9f</load_address>
         <run_address>0xdf9f</run_address>
         <size>0x4b5</size>
         <input_file_ref idref="fl-d8"/>
      </object_component>
      <object_component id="oc-3f9">
         <name>.debug_info</name>
         <load_address>0xe454</load_address>
         <run_address>0xe454</run_address>
         <size>0x5f4</size>
         <input_file_ref idref="fl-d8"/>
      </object_component>
      <object_component id="oc-48d">
         <name>.debug_info</name>
         <load_address>0xea48</load_address>
         <run_address>0xea48</run_address>
         <size>0x86</size>
         <input_file_ref idref="fl-d8"/>
      </object_component>
      <object_component id="oc-513">
         <name>.debug_info</name>
         <load_address>0xeace</load_address>
         <run_address>0xeace</run_address>
         <size>0x39</size>
         <input_file_ref idref="fl-d8"/>
      </object_component>
      <object_component id="oc-552">
         <name>.debug_info</name>
         <load_address>0xeb07</load_address>
         <run_address>0xeb07</run_address>
         <size>0xb6</size>
[...]
      <symbol id="sm-340">
         <name>Timer_Init</name>
         <value>0x4669</value>
         <object_component_ref idref="oc-33"/>
      </symbol>
      <symbol id="sm-341">
         <name>TimerInterrupt_Init</name>
         <value>0x4641</value>
         <object_component_ref idref="oc-33"/>
      </symbol>
      <symbol id="sm-342">
         <name>Timer0IntHandler</name>
         <value>0x46a5</value>
         <object_component_ref idref="oc-33"/>
      </symbol>
      <symbol id="sm-343">
         <name>Timer1IntHandler</name>
         <value>0x46b7</value>
         <object_component_ref idref="oc-33"/>
      </symbol>
      <symbol id="sm-36c">
         <name>sprintf</name>
         <value>0x4e89</value>
         <object_component_ref idref="oc-30e"/>
      </symbol>
      <symbol id="sm-387">
         <name>memcpy</name>
         <value>0x450f</value>
         <object_component_ref idref="oc-47"/>
      </symbol>
      <symbol id="sm-388">
         <name>__aeabi_memcpy</name>
         <value>0x450f</value>
         <object_component_ref idref="oc-47"/>
      </symbol>
      <symbol id="sm-389">
         <name>__aeabi_memcpy8</name>
         <value>0x450f</value>
         <object_component_ref idref="oc-47"/>
      </symbol>
      <symbol id="sm-38a">
         <name>__aeabi_memcpy4</name>
         <value>0x450f</value>
         <object_component_ref idref="oc-47"/>
      </symbol>
      <symbol id="sm-39e">
         <name>__TI_zero_init_nomemset</name>
         <value>0x5195</value>
         <object_component_ref idref="oc-53"/>
      </symbol>
      <symbol id="sm-3b5">
         <name>__TI_decompress_none</name>
         <value>0x539b</value>
         <object_component_ref idref="oc-1b"/>
      </symbol>
      <symbol id="sm-3d8">
         <name>__TI_decompress_lzss</name>
         <value>0x4a11</value>
         <object_component_ref idref="oc-15"/>
      </symbol>
      <symbol id="sm-3e6">
         <name>strlen</name>
         <value>0x52c9</value>
         <object_component_ref idref="oc-3d2"/>
      </symbol>
      <symbol id="sm-3f9">
         <name>__stack</name>
         <value>0x20000000</value>
         <object_component_ref idref="oc-24"/>
      </symbol>
      <symbol id="sm-3fa">
         <name>_c_int00_noargs</name>
         <value>0x4fb1</value>
         <object_component_ref idref="oc-65"/>
      </symbol>
      <symbol id="sm-55f">
         <name>__TI_printfi</name>
         <value>0x1a41</value>
         <object_component_ref idref="oc-3f6"/>
      </symbol>
      <symbol id="sm-56e">
         <name>__aeabi_memset</name>
         <value>0x4859</value>
         <object_component_ref idref="oc-143"/>
      </symbol>
      <symbol id="sm-56f">
         <name>memset</name>
         <value>0x485f</value>
         <object_component_ref idref="oc-143"/>
      </symbol>
      <symbol id="sm-570">
         <name>__aeabi_memset8</name>
         <value>0x4859</value>
         <object_component_ref idref="oc-143"/>
      </symbol>
      <symbol id="sm-571">
         <name>__aeabi_memset4</name>
         <value>0x4859</value>
         <object_component_ref idref="oc-143"/>
      </symbol>
      <symbol id="sm-572">
         <name>__aeabi_memclr8</name>
         <value>0x4857</value>
         <object_component_ref idref="oc-143"/>
      </symbol>
      <symbol id="sm-573">
         <name>__aeabi_memclr4</name>
         <value>0x4857</value>
         <object_component_ref idref="oc-143"/>
      </symbol>
      <symbol id="sm-574">
         <name>__aeabi_memclr</name>
         <value>0x4857</value>
         <object_component_ref idref="oc-143"/>
      </symbol>
      <symbol id="sm-58b">
         <name>__aeabi_dsub</name>
         <value>0x3a7d</value>
         <object_component_ref idref="oc-4cb"/>
      </symbol>
      <symbol id="sm-58c">
         <name>__aeabi_dadd</name>
         <value>0x3a87</value>
         <object_component_ref idref="oc-4cb"/>
      </symbol>
      <symbol id="sm-5ae">
         <name>__aeabi_cdcmpeq</name>
         <value>0x46d1</value>
         <object_component_ref idref="oc-45c"/>
      </symbol>
      <symbol id="sm-5af">
         <name>__aeabi_cdcmple</name>
         <value>0x46d1</value>
         <object_component_ref idref="oc-45c"/>
      </symbol>
      <symbol id="sm-5b0">
         <name>__aeabi_cdrcmple</name>
         <value>0x4757</value>
         <object_component_ref idref="oc-4b6"/>
      </symbol>
      <symbol id="sm-5c4">
         <name>__aeabi_ddiv</name>
         <value>0x3edd</value>
         <object_component_ref idref="oc-4b1"/>
      </symbol>
      <symbol id="sm-5cf">
         <name>__aeabi_dmul</name>
         <value>0x4361</value>
         <object_component_ref idref="oc-4ac"/>
      </symbol>
      <symbol id="sm-5d9">
         <name>__aeabi_d2iz</name>
         <value>0x4dfd</value>
         <object_component_ref idref="oc-4bb"/>
      </symbol>
      <symbol id="sm-5e3">
         <name>__aeabi_i2d</name>
         <value>0x5013</value>
         <object_component_ref idref="oc-4c6"/>
      </symbol>
      <symbol id="sm-5f0">
         <name>__aeabi_uldivmod</name>
         <value>0x45ab</value>
         <object_component_ref idref="oc-4a5"/>
      </symbol>
      <symbol id="sm-618">
         <name>__TI_auto_init_nobinit_nopinit</name>
         <value>0x4e45</value>
         <object_component_ref idref="oc-1f0"/>
      </symbol>
      <symbol id="sm-622">
         <name>_system_pre_init</name>
         <value>0x54a1</value>
         <object_component_ref idref="oc-149"/>
      </symbol>
      <symbol id="sm-62e">
         <name>C$$EXIT</name>
         <value>0x54a5</value>
         <object_component_ref idref="oc-1e4"/>
      </symbol>
      <symbol id="sm-62f">
         <name>abort</name>
         <value>0x54a5</value>
         <object_component_ref idref="oc-1e4"/>
      </symbol>
      <symbol id="sm-63f">
         <name>__TI_ltoa</name>
         <value>0x4b93</value>
         <object_component_ref idref="oc-4c0"/>
      </symbol>
      <symbol id="sm-656">
         <name>atoi</name>
         <value>0x4d21</value>
         <object_component_ref idref="oc-450"/>
      </symbol>
      <symbol id="sm-661">
         <name>_ctypes_</name>
         <value>0x5b98</value>
         <object_component_ref idref="oc-4a0"/>
      </symbol>
      <symbol id="sm-671">
         <name>memccpy</name>
         <value>0x51b1</value>
         <object_component_ref idref="oc-479"/>
      </symbol>
      <symbol id="sm-681">
         <name>strchr</name>
         <value>0x529f</value>
         <object_component_ref idref="oc-4f7"/>
      </symbol>
      <symbol id="sm-697">
         <name>__aeabi_errno_addr</name>
         <value>0x5465</value>
         <object_component_ref idref="oc-485"/>
      </symbol>
      <symbol id="sm-698">
         <name>errno</name>
         <value>0x20000270</value>
         <object_component_ref idref="oc-507"/>
      </symbol>
      <symbol id="sm-6b8">
         <name>frexpl</name>
         <value>0x4a79</value>
         <object_component_ref idref="oc-4eb"/>
      </symbol>
      <symbol id="sm-6b9">
         <name>frexp</name>
         <value>0x4a79</value>
         <object_component_ref idref="oc-4eb"/>
      </symbol>
      <symbol id="sm-6d6">
         <name>scalbn</name>
         <value>0x4251</value>
         <object_component_ref idref="oc-4f1"/>
      </symbol>
      <symbol id="sm-6d7">
         <name>scalbnl</name>
         <value>0x4251</value>
         <object_component_ref idref="oc-4f1"/>
      </symbol>
      <symbol id="sm-6d8">
         <name>ldexpl</name>
         <value>0x4251</value>
         <object_component_ref idref="oc-4f1"/>
      </symbol>
      <symbol id="sm-6d9">
         <name>ldexp</name>
         <value>0x4251</value>
         <object_component_ref idref="oc-4f1"/>
      </symbol>
      <symbol id="sm-6f2">
         <name>wcslen</name>
         <value>0x5313</value>
         <object_component_ref idref="oc-47f"/>
      </symbol>
      <symbol id="sm-6fc">
         <name>__aeabi_idiv0</name>
         <value>0x248f</value>
         <object_component_ref idref="oc-522"/>
      </symbol>
      <symbol id="sm-6fd">
         <name>__aeabi_ldiv0</name>
         <value>0x248f</value>
         <object_component_ref idref="oc-522"/>
      </symbol>
      <symbol id="sm-707">
         <name>copysign</name>
         <value>0x51e7</value>
         <object_component_ref idref="oc-53b"/>
      </symbol>
      <symbol id="sm-708">
         <name>copysignl</name>
         <value>0x51e7</value>
         <object_component_ref idref="oc-53b"/>
      </symbol>
      <symbol id="sm-771">
         <name>ADCProcessorTrigger</name>
         <value>0x5201</value>
         <object_component_ref idref="oc-33d"/>
      </symbol>
      <symbol id="sm-772">
         <name>ADCSequenceEnable</name>
         <value>0x5371</value>
         <object_component_ref idref="oc-331"/>
      </symbol>
      <symbol id="sm-773">
         <name>ADCIntDisable</name>
         <value>0x5355</value>
         <object_component_ref idref="oc-355"/>
      </symbol>
      <symbol id="sm-774">
         <name>ADCSequenceConfigure</name>
         <value>0x4c39</value>
         <object_component_ref idref="oc-325"/>
      </symbol>
      <symbol id="sm-775">
         <name>ADCSequenceStepConfigure</name>
         <value>0x47dd</value>
         <object_component_ref idref="oc-32b"/>
      </symbol>
      <symbol id="sm-776">
         <name>ADCIntClear</name>
         <value>0x53d9</value>
         <object_component_ref idref="oc-337"/>
      </symbol>
      <symbol id="sm-777">
         <name>ADCIntStatus</name>
         <value>0x4fe5</value>
         <object_component_ref idref="oc-343"/>
      </symbol>
      <symbol id="sm-778">
         <name>ADCSequenceDisable</name>
         <value>0x5363</value>
         <object_component_ref idref="oc-34f"/>
      </symbol>
      <symbol id="sm-779">
         <name>ADCSequenceDataGet</name>
         <value>0x5159</value>
         <object_component_ref idref="oc-349"/>
      </symbol>
      <symbol id="sm-7e3">
         <name>GPIOPinTypePWM</name>
         <value>0x5273</value>
         <object_component_ref idref="oc-8c"/>
      </symbol>
      <symbol id="sm-7e4">
         <name>GPIOPinConfigure</name>
         <value>0x4c89</value>
         <object_component_ref idref="oc-86"/>
      </symbol>
      <symbol id="sm-7e5">
         <name>GPIOPinTypeI2CSCL</name>
         <value>0x525d</value>
         <object_component_ref idref="oc-284"/>
      </symbol>
      <symbol id="sm-7e6">
         <name>GPIOPinTypeI2C</name>
         <value>0x5247</value>
         <object_component_ref idref="oc-28a"/>
      </symbol>
      <symbol id="sm-7e7">
         <name>GPIOPinTypeADC</name>
         <value>0x5231</value>
         <object_component_ref idref="oc-31f"/>
      </symbol>
      <symbol id="sm-7e8">
         <name>GPIOPinTypeGPIOOutput</name>
         <value>0x51cd</value>
         <object_component_ref idref="oc-26d"/>
      </symbol>
      <symbol id="sm-7e9">
         <name>GPIODirModeSet</name>
         <value>0x50c5</value>
         <object_component_ref idref="oc-16e"/>
      </symbol>
      <symbol id="sm-7ea">
         <name>GPIOPinWrite</name>
         <value>0x546d</value>
         <object_component_ref idref="oc-442"/>
      </symbol>
      <symbol id="sm-7eb">
         <name>GPIOPadConfigSet</name>
         <value>0x3c35</value>
         <object_component_ref idref="oc-174"/>
      </symbol>
      <symbol id="sm-7ec">
         <name>GPIOPinTypeSSI</name>
         <value>0x5289</value>
         <object_component_ref idref="oc-3a4"/>
      </symbol>
      <symbol id="sm-85e">
         <name>I2CMasterDataPut</name>
         <value>0x5499</value>
         <object_component_ref idref="oc-2ae"/>
      </symbol>
      <symbol id="sm-85f">
         <name>I2CMasterInitExpClk</name>
         <value>0x4cd5</value>
         <object_component_ref idref="oc-296"/>
      </symbol>
      <symbol id="sm-860">
         <name>I2CSlaveDataGet</name>
         <value>0x5473</value>
         <object_component_ref idref="oc-2c0"/>
      </symbol>
      <symbol id="sm-861">
         <name>I2CSlaveEnable</name>
         <value>0x5325</value>
         <object_component_ref idref="oc-29c"/>
      </symbol>
      <symbol id="sm-862">
         <name>I2CMasterSlaveAddrSet</name>
         <value>0x5445</value>
         <object_component_ref idref="oc-2a8"/>
      </symbol>
      <symbol id="sm-863">
         <name>I2CMasterDataGet</name>
         <value>0x5495</value>
         <object_component_ref idref="oc-2d2"/>
      </symbol>
      <symbol id="sm-864">
         <name>I2CSlaveDataPut</name>
         <value>0x5479</value>
         <object_component_ref idref="oc-2cc"/>
      </symbol>
      <symbol id="sm-865">
         <name>I2CSlaveStatus</name>
         <value>0x547f</value>
         <object_component_ref idref="oc-2ba"/>
      </symbol>
      <symbol id="sm-866">
         <name>I2CMasterControl</name>
         <value>0x5491</value>
         <object_component_ref idref="oc-2b4"/>
      </symbol>
      <symbol id="sm-867">
         <name>I2CMasterBusy</name>
         <value>0x543d</value>
         <object_component_ref idref="oc-2c6"/>
      </symbol>
      <symbol id="sm-868">
         <name>I2CMasterEnable</name>
         <value>0x53ed</value>
         <object_component_ref idref="oc-366"/>
      </symbol>
      <symbol id="sm-869">
         <name>I2CSlaveInit</name>
         <value>0x537f</value>
         <object_component_ref idref="oc-2a2"/>
      </symbol>
      <symbol id="sm-86a">
         <name>I2CLoopbackEnable</name>
         <value>0x53e3</value>
         <object_component_ref idref="oc-290"/>
      </symbol>
      <symbol id="sm-8bd">
         <name>IntPrioritySet</name>
         <value>0x50f1</value>
         <object_component_ref idref="oc-fd"/>
      </symbol>
      <symbol id="sm-8be">
         <name>IntEnable</name>
         <value>0x49a9</value>
         <object_component_ref idref="oc-b6"/>
      </symbol>
      <symbol id="sm-8bf">
         <name>IntDisable</name>
         <value>0x4941</value>
         <object_component_ref idref="oc-ce"/>
      </symbol>
      <symbol id="sm-8c0">
         <name>IntMasterEnable</name>
         <value>0x5335</value>
         <object_component_ref idref="oc-f7"/>
      </symbol>
      <symbol id="sm-927">
         <name>PWMGenPeriodSet</name>
         <value>0x5345</value>
         <object_component_ref idref="oc-9e"/>
      </symbol>
      <symbol id="sm-928">
         <name>PWMGenIntTrigEnable</name>
         <value>0x5401</value>
         <object_component_ref idref="oc-b0"/>
      </symbol>
      <symbol id="sm-929">
         <name>PWMGenDisable</name>
         <value>0x53b5</value>
         <object_component_ref idref="oc-c8"/>
      </symbol>
      <symbol id="sm-92a">
         <name>PWMClockSet</name>
         <value>0x52b5</value>
         <object_component_ref idref="oc-92"/>
      </symbol>
      <symbol id="sm-92b">
         <name>PWMPulseWidthSet</name>
         <value>0x5177</value>
         <object_component_ref idref="oc-a4"/>
      </symbol>
      <symbol id="sm-92c">
         <name>PWMIntDisable</name>
         <value>0x540b</value>
         <object_component_ref idref="oc-da"/>
      </symbol>
      <symbol id="sm-92d">
         <name>PWMGenIntClear</name>
         <value>0x5485</value>
         <object_component_ref idref="oc-e0"/>
      </symbol>
      <symbol id="sm-92e">
         <name>PWMOutputState</name>
         <value>0x52dd</value>
         <object_component_ref idref="oc-bc"/>
      </symbol>
      <symbol id="sm-92f">
         <name>PWMGenEnable</name>
         <value>0x53c1</value>
         <object_component_ref idref="oc-c2"/>
      </symbol>
      <symbol id="sm-930">
         <name>PWMIntEnable</name>
         <value>0x544d</value>
         <object_component_ref idref="oc-aa"/>
      </symbol>
      <symbol id="sm-931">
         <name>PWMGenConfigure</name>
         <value>0x5115</value>
         <object_component_ref idref="oc-98"/>
      </symbol>
      <symbol id="sm-932">
         <name>PWMGenIntTrigDisable</name>
         <value>0x53f7</value>
         <object_component_ref idref="oc-d4"/>
      </symbol>
      <symbol id="sm-96a">
         <name>SSIDataPut</name>
         <value>0x5415</value>
         <object_component_ref idref="oc-3e9"/>
      </symbol>
      <symbol id="sm-96b">
         <name>SSIDataGetNonBlocking</name>
         <value>0x52ef</value>
         <object_component_ref idref="oc-3b6"/>
      </symbol>
      <symbol id="sm-96c">
         <name>SSIConfigSetExpClk</name>
         <value>0x4f07</value>
         <object_component_ref idref="oc-3aa"/>
      </symbol>
      <symbol id="sm-96d">
         <name>SSIEnable</name>
         <value>0x5429</value>
         <object_component_ref idref="oc-3b0"/>
      </symbol>
      <symbol id="sm-96e">
         <name>SSIBusy</name>
         <value>0x5455</value>
         <object_component_ref idref="oc-3ef"/>
      </symbol>
      <symbol id="sm-96f">
         <name>SSIDisable</name>
         <value>0x541f</value>
         <object_component_ref idref="oc-39e"/>
      </symbol>
      <symbol id="sm-a0b">
         <name>SysCtlDelay</name>
         <value>0x548b</value>
         <object_component_ref idref="oc-317"/>
      </symbol>
      <symbol id="sm-a0c">
         <name>SysCtlPeripheralEnable</name>
         <value>0x4f7d</value>
         <object_component_ref idref="oc-7a"/>
      </symbol>
      <symbol id="sm-a0d">
         <name>SysCtlClockGet</name>
         <value>0x4139</value>
         <object_component_ref idref="oc-318"/>
      </symbol>
      <symbol id="sm-a0e">
         <name>SysCtlPeripheralReady</name>
         <value>0x4f45</value>
         <object_component_ref idref="oc-80"/>
      </symbol>
      <symbol id="sm-a0f">
         <name>SysCtlClockFreqSet</name>
         <value>0x34c9</value>
         <object_component_ref idref="oc-1c1"/>
      </symbol>
      <symbol id="sm-a43">
         <name>TimerLoadSet</name>
         <value>0x5301</value>
         <object_component_ref idref="oc-10f"/>
      </symbol>
      <symbol id="sm-a44">
         <name>TimerEnable</name>
         <value>0x538d</value>
         <object_component_ref idref="oc-115"/>
      </symbol>
      <symbol id="sm-a45">
         <name>TimerIntEnable</name>
         <value>0x545d</value>
         <object_component_ref idref="oc-103"/>
      </symbol>
      <symbol id="sm-a46">
         <name>TimerConfigure</name>
         <value>0x4add</value>
         <object_component_ref idref="oc-109"/>
      </symbol>
      <symbol id="sm-a47">
         <name>TimerIntClear</name>
         <value>0x549d</value>
         <object_component_ref idref="oc-11b"/>
      </symbol>
      <symbol id="sm-a52">
         <name>CPUcpsie</name>
         <value>0x53a9</value>
         <object_component_ref idref="oc-1a0"/>
      </symbol>
      <symbol id="sm-a53">
         <name>__TI_static_base__</name>
         <value>0x0</value>
      </symbol>
      <symbol id="sm-a56">
         <name>__mpu_init</name>
         <value>0x0</value>
      </symbol>
      <symbol id="sm-a57">
         <name>_system_post_cinit</name>
         <value>0x0</value>
      </symbol>
   </symbol_table>
   <title>Link successful</title>
</link_info>
